Component: Arm Compiler for Embedded 6.19 Tool: armlink [5e73cb00]

==============================================================================

Section Cross References

    startup_air001_dev.o(RESET) refers to startup_air001_dev.o(STACK) for __initial_sp
    startup_air001_dev.o(RESET) refers to startup_air001_dev.o(.text) for Reset_Handler
    startup_air001_dev.o(RESET) refers to air001xx_it.o(.text.NMI_Handler) for NMI_Handler
    startup_air001_dev.o(RESET) refers to air001xx_it.o(.text.HardFault_Handler) for HardFault_Handler
    startup_air001_dev.o(RESET) refers to air001xx_it.o(.text.SVC_Handler) for SVC_Handler
    startup_air001_dev.o(RESET) refers to air001xx_it.o(.text.PendSV_Handler) for PendSV_Handler
    startup_air001_dev.o(RESET) refers to air001xx_it.o(.text.SysTick_Handler) for SysTick_Handler
    startup_air001_dev.o(RESET) refers to air001xx_it.o(.text.DMA1_Channel1_IRQHandler) for DMA1_Channel1_IRQHandler
    startup_air001_dev.o(RESET) refers to air001xx_it.o(.text.DMA1_Channel2_3_IRQHandler) for DMA1_Channel2_3_IRQHandler
    startup_air001_dev.o(RESET) refers to air001xx_it.o(.text.USART1_IRQHandler) for USART1_IRQHandler
    startup_air001_dev.o(RESET) refers to air001xx_it.o(.text.USART2_IRQHandler) for USART2_IRQHandler
    startup_air001_dev.o(.text) refers to system_air001xx.o(.text.SystemInit) for SystemInit
    startup_air001_dev.o(.text) refers to entry.o(.ARM.Collect$$$$00000000) for __main
    system_air001xx.o(.text.SystemCoreClockUpdate) refers to uidiv_div0.o(.text) for __aeabi_uidiv
    system_air001xx.o(.text.SystemCoreClockUpdate) refers to system_air001xx.o(.data.SystemCoreClock) for SystemCoreClock
    system_air001xx.o(.text.SystemCoreClockUpdate) refers to system_air001xx.o(.rodata.HSIFreqTable) for HSIFreqTable
    system_air001xx.o(.text.SystemCoreClockUpdate) refers to system_air001xx.o(.rodata.AHBPrescTable) for AHBPrescTable
    system_air001xx.o(.ARM.exidx.text.SystemCoreClockUpdate) refers to system_air001xx.o(.text.SystemCoreClockUpdate) for [Anonymous Symbol]
    system_air001xx.o(.ARM.exidx.text.SystemInit) refers to system_air001xx.o(.text.SystemInit) for [Anonymous Symbol]
    system_air001xx.o(.text.$Sub$$main) refers to main.o(.text.main) for $Super$$main
    system_air001xx.o(.text.$Sub$$main) refers to system_air001xx.o(.ARM.__at_0x20000000) for VECT_SRAM_TAB
    system_air001xx.o(.ARM.exidx.text.$Sub$$main) refers to system_air001xx.o(.text.$Sub$$main) for [Anonymous Symbol]
    main.o(.text.bitFill_32Bytes) refers to memseta.o(.text) for __aeabi_memset
    main.o(.ARM.exidx.text.bitFill_32Bytes) refers to main.o(.text.bitFill_32Bytes) for [Anonymous Symbol]
    main.o(.text.main) refers to air001xx_hal.o(.text.HAL_Init) for HAL_Init
    main.o(.text.main) refers to air001xx_hal_rcc.o(.text.HAL_RCC_MCOConfig) for HAL_RCC_MCOConfig
    main.o(.text.main) refers to main.o(.text.APP_SystemClockConfig) for APP_SystemClockConfig
    main.o(.text.main) refers to air001xx_hal_uart.o(.text.HAL_UART_Init) for HAL_UART_Init
    main.o(.text.main) refers to air001xx_hal.o(.text.HAL_GetTick) for HAL_GetTick
    main.o(.text.main) refers to main.o(.text.bitFill_32Bytes) for bitFill_32Bytes
    main.o(.text.main) refers to air001xx_hal_uart.o(.text.HAL_UART_Transmit_DMA) for HAL_UART_Transmit_DMA
    main.o(.text.main) refers to main.o(.text.Error_Handler) for Error_Handler
    main.o(.text.main) refers to air001xx_hal_uart.o(.text.HAL_UART_GetState) for HAL_UART_GetState
    main.o(.text.main) refers to main.o(.bss.UartHandle) for UartHandle
    main.o(.text.main) refers to main.o(.bss.aTxBuffer) for aTxBuffer
    main.o(.ARM.exidx.text.main) refers to main.o(.text.main) for [Anonymous Symbol]
    main.o(.text.APP_SystemClockConfig) refers to memseta.o(.text) for __aeabi_memclr4
    main.o(.text.APP_SystemClockConfig) refers to air001xx_hal_rcc.o(.text.HAL_RCC_OscConfig) for HAL_RCC_OscConfig
    main.o(.text.APP_SystemClockConfig) refers to main.o(.text.Error_Handler) for Error_Handler
    main.o(.text.APP_SystemClockConfig) refers to air001xx_hal_rcc.o(.text.HAL_RCC_ClockConfig) for HAL_RCC_ClockConfig
    main.o(.ARM.exidx.text.APP_SystemClockConfig) refers to main.o(.text.APP_SystemClockConfig) for [Anonymous Symbol]
    main.o(.ARM.exidx.text.Error_Handler) refers to main.o(.text.Error_Handler) for [Anonymous Symbol]
    air001xx_hal_msp.o(.ARM.exidx.text.HAL_MspInit) refers to air001xx_hal_msp.o(.text.HAL_MspInit) for [Anonymous Symbol]
    air001xx_hal_msp.o(.text.HAL_UART_MspInit) refers to air001xx_hal_gpio.o(.text.HAL_GPIO_Init) for HAL_GPIO_Init
    air001xx_hal_msp.o(.text.HAL_UART_MspInit) refers to air001xx_hal_dma.o(.text.HAL_DMA_Init) for HAL_DMA_Init
    air001xx_hal_msp.o(.text.HAL_UART_MspInit) refers to main.o(.text.Error_Handler) for Error_Handler
    air001xx_hal_msp.o(.text.HAL_UART_MspInit) refers to air001xx_hal.o(.text.HAL_SYSCFG_DMA_Req) for HAL_SYSCFG_DMA_Req
[...]
    air001xx_hal_uart.o(.text.HAL_UART_AbortTransmit_IT) refers to air001xx_hal_uart.o(.text.HAL_UART_AbortTransmitCpltCallback) for HAL_UART_AbortTransmitCpltCallback
    air001xx_hal_uart.o(.text.HAL_UART_AbortTransmit_IT) refers to air001xx_hal_uart.o(.text.UART_DMATxOnlyAbortCallback) for UART_DMATxOnlyAbortCallback
    air001xx_hal_uart.o(.ARM.exidx.text.HAL_UART_AbortTransmit_IT) refers to air001xx_hal_uart.o(.text.HAL_UART_AbortTransmit_IT) for [Anonymous Symbol]
    air001xx_hal_uart.o(.text.UART_DMATxOnlyAbortCallback) refers to air001xx_hal_uart.o(.text.HAL_UART_AbortTransmitCpltCallback) for HAL_UART_AbortTransmitCpltCallback
    air001xx_hal_uart.o(.ARM.exidx.text.UART_DMATxOnlyAbortCallback) refers to air001xx_hal_uart.o(.text.UART_DMATxOnlyAbortCallback) for [Anonymous Symbol]
    air001xx_hal_uart.o(.ARM.exidx.text.HAL_UART_AbortTransmitCpltCallback) refers to air001xx_hal_uart.o(.text.HAL_UART_AbortTransmitCpltCallback) for [Anonymous Symbol]
    air001xx_hal_uart.o(.text.HAL_UART_AbortReceive_IT) refers to air001xx_hal_dma.o(.text.HAL_DMA_Abort_IT) for HAL_DMA_Abort_IT
    air001xx_hal_uart.o(.text.HAL_UART_AbortReceive_IT) refers to air001xx_hal_uart.o(.text.HAL_UART_AbortReceiveCpltCallback) for HAL_UART_AbortReceiveCpltCallback
    air001xx_hal_uart.o(.text.HAL_UART_AbortReceive_IT) refers to air001xx_hal_uart.o(.text.UART_DMARxOnlyAbortCallback) for UART_DMARxOnlyAbortCallback
    air001xx_hal_uart.o(.ARM.exidx.text.HAL_UART_AbortReceive_IT) refers to air001xx_hal_uart.o(.text.HAL_UART_AbortReceive_IT) for [Anonymous Symbol]
    air001xx_hal_uart.o(.text.UART_DMARxOnlyAbortCallback) refers to air001xx_hal_uart.o(.text.HAL_UART_AbortReceiveCpltCallback) for HAL_UART_AbortReceiveCpltCallback
    air001xx_hal_uart.o(.ARM.exidx.text.UART_DMARxOnlyAbortCallback) refers to air001xx_hal_uart.o(.text.UART_DMARxOnlyAbortCallback) for [Anonymous Symbol]
    air001xx_hal_uart.o(.ARM.exidx.text.HAL_UART_AbortReceiveCpltCallback) refers to air001xx_hal_uart.o(.text.HAL_UART_AbortReceiveCpltCallback) for [Anonymous Symbol]
    air001xx_hal_uart.o(.text.HAL_UART_IRQHandler) refers to air001xx_hal_uart.o(.text.UART_Receive_IT) for UART_Receive_IT
    air001xx_hal_uart.o(.text.HAL_UART_IRQHandler) refers to air001xx_hal_uart.o(.text.UART_EndRxTransfer) for UART_EndRxTransfer
    air001xx_hal_uart.o(.text.HAL_UART_IRQHandler) refers to air001xx_hal_dma.o(.text.HAL_DMA_Abort_IT) for HAL_DMA_Abort_IT
    air001xx_hal_uart.o(.text.HAL_UART_IRQHandler) refers to air001xx_hal_uart.o(.text.HAL_UART_ErrorCallback) for HAL_UART_ErrorCallback
    air001xx_hal_uart.o(.text.HAL_UART_IRQHandler) refers to air001xx_hal_uart.o(.text.UART_Transmit_IT) for UART_Transmit_IT
    air001xx_hal_uart.o(.text.HAL_UART_IRQHandler) refers to air001xx_hal_uart.o(.text.UART_EndTransmit_IT) for UART_EndTransmit_IT
    air001xx_hal_uart.o(.text.HAL_UART_IRQHandler) refers to air001xx_hal_uart.o(.text.UART_DMAAbortOnError) for UART_DMAAbortOnError
    air001xx_hal_uart.o(.ARM.exidx.text.HAL_UART_IRQHandler) refers to air001xx_hal_uart.o(.text.HAL_UART_IRQHandler) for [Anonymous Symbol]
    air001xx_hal_uart.o(.text.UART_Receive_IT) refers to air001xx_hal_uart.o(.text.HAL_UART_RxCpltCallback) for HAL_UART_RxCpltCallback
    air001xx_hal_uart.o(.ARM.exidx.text.UART_Receive_IT) refers to air001xx_hal_uart.o(.text.UART_Receive_IT) for [Anonymous Symbol]
    air001xx_hal_uart.o(.text.UART_DMAAbortOnError) refers to air001xx_hal_uart.o(.text.HAL_UART_ErrorCallback) for HAL_UART_ErrorCallback
    air001xx_hal_uart.o(.ARM.exidx.text.UART_DMAAbortOnError) refers to air001xx_hal_uart.o(.text.UART_DMAAbortOnError) for [Anonymous Symbol]
    air001xx_hal_uart.o(.ARM.exidx.text.HAL_UART_ErrorCallback) refers to air001xx_hal_uart.o(.text.HAL_UART_ErrorCallback) for [Anonymous Symbol]
    air001xx_hal_uart.o(.ARM.exidx.text.UART_Transmit_IT) refers to air001xx_hal_uart.o(.text.UART_Transmit_IT) for [Anonymous Symbol]
    air001xx_hal_uart.o(.text.UART_EndTransmit_IT) refers to air001xx_hal_uart.o(.text.HAL_UART_TxCpltCallback) for HAL_UART_TxCpltCallback
    air001xx_hal_uart.o(.ARM.exidx.text.UART_EndTransmit_IT) refers to air001xx_hal_uart.o(.text.UART_EndTransmit_IT) for [Anonymous Symbol]
    air001xx_hal_uart.o(.ARM.exidx.text.HAL_UART_TxCpltCallback) refers to air001xx_hal_uart.o(.text.HAL_UART_TxCpltCallback) for [Anonymous Symbol]
    air001xx_hal_uart.o(.ARM.exidx.text.HAL_UART_TxHalfCpltCallback) refers to air001xx_hal_uart.o(.text.HAL_UART_TxHalfCpltCallback) for [Anonymous Symbol]
    air001xx_hal_uart.o(.ARM.exidx.text.HAL_UART_RxCpltCallback) refers to air001xx_hal_uart.o(.text.HAL_UART_RxCpltCallback) for [Anonymous Symbol]
    air001xx_hal_uart.o(.ARM.exidx.text.HAL_UART_RxHalfCpltCallback) refers to air001xx_hal_uart.o(.text.HAL_UART_RxHalfCpltCallback) for [Anonymous Symbol]
    air001xx_hal_uart.o(.ARM.exidx.text.HAL_UART_SendBreak) refers to air001xx_hal_uart.o(.text.HAL_UART_SendBreak) for [Anonymous Symbol]
    air001xx_hal_uart.o(.ARM.exidx.text.HAL_MultiProcessor_EnterMuteMode) refers to air001xx_hal_uart.o(.text.HAL_MultiProcessor_EnterMuteMode) for [Anonymous Symbol]
    air001xx_hal_uart.o(.ARM.exidx.text.HAL_MultiProcessor_ExitMuteMode) refers to air001xx_hal_uart.o(.text.HAL_MultiProcessor_ExitMuteMode) for [Anonymous Symbol]
    air001xx_hal_uart.o(.ARM.exidx.text.HAL_HalfDuplex_EnableTransmitter) refers to air001xx_hal_uart.o(.text.HAL_HalfDuplex_EnableTransmitter) for [Anonymous Symbol]
    air001xx_hal_uart.o(.ARM.exidx.text.HAL_HalfDuplex_EnableReceiver) refers to air001xx_hal_uart.o(.text.HAL_HalfDuplex_EnableReceiver) for [Anonymous Symbol]
    air001xx_hal_uart.o(.ARM.exidx.text.HAL_UART_GetState) refers to air001xx_hal_uart.o(.text.HAL_UART_GetState) for [Anonymous Symbol]
    air001xx_hal_uart.o(.ARM.exidx.text.HAL_UART_GetError) refers to air001xx_hal_uart.o(.text.HAL_UART_GetError) for [Anonymous Symbol]
    air001xx_hal_cortex.o(.text.HAL_NVIC_SetPriority) refers to air001xx_hal_cortex.o(.text.NVIC_SetPriority) for NVIC_SetPriority
    air001xx_hal_cortex.o(.ARM.exidx.text.HAL_NVIC_SetPriority) refers to air001xx_hal_cortex.o(.text.HAL_NVIC_SetPriority) for [Anonymous Symbol]
    air001xx_hal_cortex.o(.ARM.exidx.text.NVIC_SetPriority) refers to air001xx_hal_cortex.o(.text.NVIC_SetPriority) for [Anonymous Symbol]
    air001xx_hal_cortex.o(.text.HAL_NVIC_EnableIRQ) refers to air001xx_hal_cortex.o(.text.NVIC_EnableIRQ) for NVIC_EnableIRQ
    air001xx_hal_cortex.o(.ARM.exidx.text.HAL_NVIC_EnableIRQ) refers to air001xx_hal_cortex.o(.text.HAL_NVIC_EnableIRQ) for [Anonymous Symbol]
    air001xx_hal_cortex.o(.ARM.exidx.text.NVIC_EnableIRQ) refers to air001xx_hal_cortex.o(.text.NVIC_EnableIRQ) for [Anonymous Symbol]
    air001xx_hal_cortex.o(.text.HAL_NVIC_DisableIRQ) refers to air001xx_hal_cortex.o(.text.NVIC_DisableIRQ) for NVIC_DisableIRQ
    air001xx_hal_cortex.o(.ARM.exidx.text.HAL_NVIC_DisableIRQ) refers to air001xx_hal_cortex.o(.text.HAL_NVIC_DisableIRQ) for [Anonymous Symbol]
    air001xx_hal_cortex.o(.ARM.exidx.text.NVIC_DisableIRQ) refers to air001xx_hal_cortex.o(.text.NVIC_DisableIRQ) for [Anonymous Symbol]
    air001xx_hal_cortex.o(.text.HAL_NVIC_SystemReset) refers to air001xx_hal_cortex.o(.text.NVIC_SystemReset) for NVIC_SystemReset
    air001xx_hal_cortex.o(.ARM.exidx.text.HAL_NVIC_SystemReset) refers to air001xx_hal_cortex.o(.text.HAL_NVIC_SystemReset) for [Anonymous Symbol]
    air001xx_hal_cortex.o(.ARM.exidx.text.NVIC_SystemReset) refers to air001xx_hal_cortex.o(.text.NVIC_SystemReset) for [Anonymous Symbol]
    air001xx_hal_cortex.o(.text.HAL_SYSTICK_Config) refers to air001xx_hal_cortex.o(.text.SysTick_Config) for SysTick_Config
    air001xx_hal_cortex.o(.ARM.exidx.text.HAL_SYSTICK_Config) refers to air001xx_hal_cortex.o(.text.HAL_SYSTICK_Config) for [Anonymous Symbol]
    air001xx_hal_cortex.o(.text.SysTick_Config) refers to air001xx_hal_cortex.o(.text.NVIC_SetPriority) for NVIC_SetPriority
    air001xx_hal_cortex.o(.ARM.exidx.text.SysTick_Config) refers to air001xx_hal_cortex.o(.text.SysTick_Config) for [Anonymous Symbol]
    air001xx_hal_cortex.o(.text.HAL_NVIC_GetPriority) refers to air001xx_hal_cortex.o(.text.NVIC_GetPriority) for NVIC_GetPriority
    air001xx_hal_cortex.o(.ARM.exidx.text.HAL_NVIC_GetPriority) refers to air001xx_hal_cortex.o(.text.HAL_NVIC_GetPriority) for [Anonymous Symbol]
    air001xx_hal_cortex.o(.ARM.exidx.text.NVIC_GetPriority) refers to air001xx_hal_cortex.o(.text.NVIC_GetPriority) for [Anonymous Symbol]
    air001xx_hal_cortex.o(.text.HAL_NVIC_SetPendingIRQ) refers to air001xx_hal_cortex.o(.text.NVIC_SetPendingIRQ) for NVIC_SetPendingIRQ
    air001xx_hal_cortex.o(.ARM.exidx.text.HAL_NVIC_SetPendingIRQ) refers to air001xx_hal_cortex.o(.text.HAL_NVIC_SetPendingIRQ) for [Anonymous Symbol]
    air001xx_hal_cortex.o(.ARM.exidx.text.NVIC_SetPendingIRQ) refers to air001xx_hal_cortex.o(.text.NVIC_SetPendingIRQ) for [Anonymous Symbol]
    air001xx_hal_cortex.o(.text.HAL_NVIC_GetPendingIRQ) refers to air001xx_hal_cortex.o(.text.NVIC_GetPendingIRQ) for NVIC_GetPendingIRQ
    air001xx_hal_cortex.o(.ARM.exidx.text.HAL_NVIC_GetPendingIRQ) refers to air001xx_hal_cortex.o(.text.HAL_NVIC_GetPendingIRQ) for [Anonymous Symbol]
    air001xx_hal_cortex.o(.ARM.exidx.text.NVIC_GetPendingIRQ) refers to air001xx_hal_cortex.o(.text.NVIC_GetPendingIRQ) for [Anonymous Symbol]
    air001xx_hal_cortex.o(.text.HAL_NVIC_ClearPendingIRQ) refers to air001xx_hal_cortex.o(.text.NVIC_ClearPendingIRQ) for NVIC_ClearPendingIRQ
    air001xx_hal_cortex.o(.ARM.exidx.text.HAL_NVIC_ClearPendingIRQ) refers to air001xx_hal_cortex.o(.text.HAL_NVIC_ClearPendingIRQ) for [Anonymous Symbol]
    air001xx_hal_cortex.o(.ARM.exidx.text.NVIC_ClearPendingIRQ) refers to air001xx_hal_cortex.o(.text.NVIC_ClearPendingIRQ) for [Anonymous Symbol]
    air001xx_hal_cortex.o(.ARM.exidx.text.HAL_SYSTICK_CLKSourceConfig) refers to air001xx_hal_cortex.o(.text.HAL_SYSTICK_CLKSourceConfig) for [Anonymous Symbol]
    air001xx_hal_cortex.o(.text.HAL_SYSTICK_IRQHandler) refers to air001xx_hal_cortex.o(.text.HAL_SYSTICK_Callback) for HAL_SYSTICK_Callback
    air001xx_hal_cortex.o(.ARM.exidx.text.HAL_SYSTICK_IRQHandler) refers to air001xx_hal_cortex.o(.text.HAL_SYSTICK_IRQHandler) for [Anonymous Symbol]
    air001xx_hal_cortex.o(.ARM.exidx.text.HAL_SYSTICK_Callback) refers to air001xx_hal_cortex.o(.text.HAL_SYSTICK_Callback) for [Anonymous Symbol]
    entry.o(.ARM.Collect$$$$00000000) refers (Special) to entry10a.o(.ARM.Collect$$$$0000000D) for __rt_final_cpp
    entry.o(.ARM.Collect$$$$00000000) refers (Special) to entry11a.o(.ARM.Collect$$$$0000000F) for __rt_final_exit
    entry.o(.ARM.Collect$$$$00000000) refers (Special) to entry7b.o(.ARM.Collect$$$$00000008) for _main_clock
    entry.o(.ARM.Collect$$$$00000000) refers (Special) to entry8b.o(.ARM.Collect$$$$0000000A) for _main_cpp_init
    entry.o(.ARM.Collect$$$$00000000) refers (Special) to entry9a.o(.ARM.Collect$$$$0000000B) for _main_init
    entry.o(.ARM.Collect$$$$00000000) refers (Special) to entry5.o(.ARM.Collect$$$$00000004) for _main_scatterload
    entry.o(.ARM.Collect$$$$00000000) refers (Special) to entry2.o(.ARM.Collect$$$$00000001) for _main_stk
    entry2.o(.ARM.Collect$$$$00000001) refers to entry2.o(.ARM.Collect$$$$00002712) for __lit__00000000
    entry2.o(.ARM.Collect$$$$00002712) refers to startup_air001_dev.o(STACK) for __initial_sp
    entry2.o(__vectab_stack_and_reset_area) refers to startup_air001_dev.o(STACK) for __initial_sp
    entry2.o(__vectab_stack_and_reset_area) refers to entry.o(.ARM.Collect$$$$00000000) for __main
    entry5.o(.ARM.Collect$$$$00000004) refers to init.o(.text) for __scatterload
    entry9a.o(.ARM.Collect$$$$0000000B) refers to system_air001xx.o(.text.$Sub$$main) for main
    entry9b.o(.ARM.Collect$$$$0000000C) refers to system_air001xx.o(.text.$Sub$$main) for main
    idiv_div0.o(.text) refers to uidiv_div0.o(.text) for __aeabi_uidivmod
    init.o(.text) refers to entry5.o(.ARM.Collect$$$$00000004) for __main_after_scatterload


==============================================================================

Removing Unused input sections from the image.

    Removing startup_air001_dev.o(HEAP), (0 bytes).
    Removing system_air001xx.o(.text), (0 bytes).
    Removing system_air001xx.o(.text.SystemCoreClockUpdate), (356 bytes).
    Removing system_air001xx.o(.ARM.exidx.text.SystemCoreClockUpdate), (8 bytes).
    Removing system_air001xx.o(.ARM.exidx.text.SystemInit), (8 bytes).
    Removing system_air001xx.o(.ARM.exidx.text.$Sub$$main), (8 bytes).
    Removing main.o(.text), (0 bytes).
    Removing main.o(.ARM.exidx.text.bitFill_32Bytes), (8 bytes).
    Removing main.o(.ARM.exidx.text.main), (8 bytes).
    Removing main.o(.ARM.exidx.text.APP_SystemClockConfig), (8 bytes).
    Removing main.o(.ARM.exidx.text.Error_Handler), (8 bytes).
    Removing main.o(.ARM.use_no_argv), (4 bytes).
    Removing air001xx_hal_msp.o(.text), (0 bytes).
    Removing air001xx_hal_msp.o(.ARM.exidx.text.HAL_MspInit), (8 bytes).
    Removing air001xx_hal_msp.o(.ARM.exidx.text.HAL_UART_MspInit), (8 bytes).
    Removing air001xx_it.o(.text), (0 bytes).
    Removing air001xx_it.o(.ARM.exidx.text.NMI_Handler), (8 bytes).
    Removing air001xx_it.o(.ARM.exidx.text.HardFault_Handler), (8 bytes).
    Removing air001xx_it.o(.ARM.exidx.text.SVC_Handler), (8 bytes).
    Removing air001xx_it.o(.ARM.exidx.text.PendSV_Handler), (8 bytes).
    Removing air001xx_it.o(.ARM.exidx.text.SysTick_Handler), (8 bytes).
    Removing air001xx_it.o(.ARM.exidx.text.DMA1_Channel1_IRQHandler), (8 bytes).
    Removing air001xx_it.o(.ARM.exidx.text.DMA1_Channel2_3_IRQHandler), (8 bytes).
    Removing air001xx_it.o(.ARM.exidx.text.USART1_IRQHandler), (8 bytes).
    Removing air001xx_it.o(.ARM.exidx.text.USART2_IRQHandler), (8 bytes).
    Removing air001_core_board.o(.text), (0 bytes).
    Removing air001_core_board.o(.text.BSP_GetVersion), (6 bytes).
    Removing air001_core_board.o(.ARM.exidx.text.BSP_GetVersion), (8 bytes).
    Removing air001_core_board.o(.text.BSP_LED_Init), (120 bytes).
    Removing air001_core_board.o(.ARM.exidx.text.BSP_LED_Init), (8 bytes).
    Removing air001_core_board.o(.text.BSP_LED_DeInit), (76 bytes).
    Removing air001_core_board.o(.ARM.exidx.text.BSP_LED_DeInit), (8 bytes).
    Removing air001_core_board.o(.text.BSP_LED_On), (44 bytes).
    Removing air001_core_board.o(.ARM.exidx.text.BSP_LED_On), (8 bytes).
    Removing air001_core_board.o(.text.BSP_LED_Off), (44 bytes).
    Removing air001_core_board.o(.ARM.exidx.text.BSP_LED_Off), (8 bytes).
    Removing air001_core_board.o(.text.BSP_LED_Toggle), (40 bytes).
    Removing air001_core_board.o(.ARM.exidx.text.BSP_LED_Toggle), (8 bytes).
    Removing air001_core_board.o(.text.BSP_PB_Init), (192 bytes).
    Removing air001_core_board.o(.ARM.exidx.text.BSP_PB_Init), (8 bytes).
    Removing air001_core_board.o(.text.BSP_PB_DeInit), (64 bytes).
    Removing air001_core_board.o(.ARM.exidx.text.BSP_PB_DeInit), (8 bytes).
    Removing air001_core_board.o(.text.BSP_PB_GetState), (40 bytes).
    Removing air001_core_board.o(.ARM.exidx.text.BSP_PB_GetState), (8 bytes).
    Removing air001_core_board.o(.text.BSP_USART_Config), (200 bytes).
    Removing air001_core_board.o(.ARM.exidx.text.BSP_USART_Config), (8 bytes).
    Removing air001_core_board.o(.text.fputc), (32 bytes).
    Removing air001_core_board.o(.ARM.exidx.text.fputc), (8 bytes).
    Removing air001_core_board.o(.text.fgetc), (32 bytes).
    Removing air001_core_board.o(.ARM.exidx.text.fgetc), (8 bytes).
    Removing air001_core_board.o(.data.LED_PORT), (4 bytes).
    Removing air001_core_board.o(.rodata.LED_PIN), (2 bytes).
    Removing air001_core_board.o(.data.BUTTON_PORT), (4 bytes).
    Removing air001_core_board.o(.rodata.BUTTON_PIN), (2 bytes).
    Removing air001_core_board.o(.rodata.BUTTON_IRQn), (1 bytes).
    Removing air001_core_board.o(.bss.DebugUartHandle), (76 bytes).
    Removing air001xx_hal.o(.text), (0 bytes).
    Removing air001xx_hal.o(.ARM.exidx.text.HAL_Init), (8 bytes).
    Removing air001xx_hal.o(.ARM.exidx.text.HAL_InitTick), (8 bytes).
    Removing air001xx_hal.o(.text.HAL_MspInit), (2 bytes).
    Removing air001xx_hal.o(.ARM.exidx.text.HAL_MspInit), (8 bytes).
    Removing air001xx_hal.o(.text.HAL_DeInit), (60 bytes).
    Removing air001xx_hal.o(.ARM.exidx.text.HAL_DeInit), (8 bytes).
    Removing air001xx_hal.o(.text.HAL_MspDeInit), (2 bytes).
    Removing air001xx_hal.o(.ARM.exidx.text.HAL_MspDeInit), (8 bytes).
    Removing air001xx_hal.o(.ARM.exidx.text.HAL_IncTick), (8 bytes).
    Removing air001xx_hal.o(.ARM.exidx.text.HAL_GetTick), (8 bytes).
    Removing air001xx_hal.o(.text.HAL_GetTickPrio), (12 bytes).
    Removing air001xx_hal.o(.ARM.exidx.text.HAL_GetTickPrio), (8 bytes).
    Removing air001xx_hal.o(.text.HAL_SetTickFreq), (72 bytes).
    Removing air001xx_hal.o(.ARM.exidx.text.HAL_SetTickFreq), (8 bytes).
    Removing air001xx_hal.o(.text.HAL_GetTickFreq), (12 bytes).
    Removing air001xx_hal.o(.ARM.exidx.text.HAL_GetTickFreq), (8 bytes).
    Removing air001xx_hal.o(.text.HAL_Delay), (68 bytes).
    Removing air001xx_hal.o(.ARM.exidx.text.HAL_Delay), (8 bytes).
    Removing air001xx_hal.o(.text.HAL_SuspendTick), (16 bytes).
    Removing air001xx_hal.o(.ARM.exidx.text.HAL_SuspendTick), (8 bytes).
    Removing air001xx_hal.o(.text.HAL_ResumeTick), (16 bytes).
    Removing air001xx_hal.o(.ARM.exidx.text.HAL_ResumeTick), (8 bytes).
    Removing air001xx_hal.o(.text.HAL_GetHalVersion), (8 bytes).
    Removing air001xx_hal.o(.ARM.exidx.text.HAL_GetHalVersion), (8 bytes).
    Removing air001xx_hal.o(.text.HAL_GetREVID), (12 bytes).
    Removing air001xx_hal.o(.ARM.exidx.text.HAL_GetREVID), (8 bytes).
    Removing air001xx_hal.o(.text.HAL_GetDEVID), (20 bytes).
    Removing air001xx_hal.o(.ARM.exidx.text.HAL_GetDEVID), (8 bytes).
    Removing air001xx_hal.o(.text.HAL_GetUIDw0), (12 bytes).
    Removing air001xx_hal.o(.ARM.exidx.text.HAL_GetUIDw0), (8 bytes).
    Removing air001xx_hal.o(.text.HAL_GetUIDw1), (12 bytes).
    Removing air001xx_hal.o(.ARM.exidx.text.HAL_GetUIDw1), (8 bytes).
    Removing air001xx_hal.o(.text.HAL_GetUIDw2), (12 bytes).
    Removing air001xx_hal.o(.ARM.exidx.text.HAL_GetUIDw2), (8 bytes).
    Removing air001xx_hal.o(.text.HAL_DBGMCU_EnableDBGMCUStopMode), (16 bytes).
    Removing air001xx_hal.o(.ARM.exidx.text.HAL_DBGMCU_EnableDBGMCUStopMode), (8 bytes).
    Removing air001xx_hal.o(.text.HAL_DBGMCU_DisableDBGMCUStopMode), (16 bytes).
    Removing air001xx_hal.o(.ARM.exidx.text.HAL_DBGMCU_DisableDBGMCUStopMode), (8 bytes).
    Removing air001xx_hal.o(.ARM.exidx.text.HAL_SYSCFG_DMA_Req), (8 bytes).
    Removing air001xx_hal_rcc.o(.text), (0 bytes).
    Removing air001xx_hal_rcc.o(.text.HAL_RCC_DeInit), (280 bytes).
    Removing air001xx_hal_rcc.o(.ARM.exidx.text.HAL_RCC_DeInit), (8 bytes).
    Removing air001xx_hal_rcc.o(.ARM.exidx.text.HAL_RCC_OscConfig), (8 bytes).
    Removing air001xx_hal_rcc.o(.ARM.exidx.text.HAL_RCC_GetSysClockFreq), (8 bytes).
    Removing air001xx_hal_rcc.o(.ARM.exidx.text.RCC_GetHSIFreq), (8 bytes).
    Removing air001xx_hal_rcc.o(.ARM.exidx.text.HAL_RCC_ClockConfig), (8 bytes).
    Removing air001xx_hal_rcc.o(.ARM.exidx.text.HAL_RCC_MCOConfig), (8 bytes).
    Removing air001xx_hal_rcc.o(.ARM.exidx.text.HAL_RCC_GetHCLKFreq), (8 bytes).
    Removing air001xx_hal_rcc.o(.ARM.exidx.text.HAL_RCC_GetPCLK1Freq), (8 bytes).
    Removing air001xx_hal_rcc.o(.text.HAL_RCC_GetOscConfig), (292 bytes).
    Removing air001xx_hal_rcc.o(.ARM.exidx.text.HAL_RCC_GetOscConfig), (8 bytes).
    Removing air001xx_hal_rcc.o(.text.HAL_RCC_GetClockConfig), (68 bytes).
    Removing air001xx_hal_rcc.o(.ARM.exidx.text.HAL_RCC_GetClockConfig), (8 bytes).
    Removing air001xx_hal_rcc.o(.text.HAL_RCC_EnableCSS), (20 bytes).
    Removing air001xx_hal_rcc.o(.ARM.exidx.text.HAL_RCC_EnableCSS), (8 bytes).
    Removing air001xx_hal_rcc.o(.text.HAL_RCC_EnableLSECSS), (16 bytes).
    Removing air001xx_hal_rcc.o(.ARM.exidx.text.HAL_RCC_EnableLSECSS), (8 bytes).
    Removing air001xx_hal_rcc.o(.text.HAL_RCC_DisableLSECSS), (16 bytes).
    Removing air001xx_hal_rcc.o(.ARM.exidx.text.HAL_RCC_DisableLSECSS), (8 bytes).
    Removing air001xx_hal_rcc.o(.text.HAL_RCC_NMI_IRQHandler), (72 bytes).
    Removing air001xx_hal_rcc.o(.ARM.exidx.text.HAL_RCC_NMI_IRQHandler), (8 bytes).
    Removing air001xx_hal_rcc.o(.text.HAL_RCC_CSSCallback), (2 bytes).
    Removing air001xx_hal_rcc.o(.ARM.exidx.text.HAL_RCC_CSSCallback), (8 bytes).
    Removing air001xx_hal_rcc.o(.text.HAL_RCC_LSECSSCallback), (2 bytes).
    Removing air001xx_hal_rcc.o(.ARM.exidx.text.HAL_RCC_LSECSSCallback), (8 bytes).
    Removing air001xx_hal_rcc_ex.o(.text), (0 bytes).
    Removing air001xx_hal_rcc_ex.o(.text.HAL_RCCEx_PeriphCLKConfig), (484 bytes).
    Removing air001xx_hal_rcc_ex.o(.ARM.exidx.text.HAL_RCCEx_PeriphCLKConfig), (8 bytes).
    Removing air001xx_hal_rcc_ex.o(.text.HAL_RCCEx_GetPeriphCLKConfig), (84 bytes).
    Removing air001xx_hal_rcc_ex.o(.ARM.exidx.text.HAL_RCCEx_GetPeriphCLKConfig), (8 bytes).
    Removing air001xx_hal_rcc_ex.o(.text.HAL_RCCEx_GetPeriphCLKFreq), (740 bytes).
    Removing air001xx_hal_rcc_ex.o(.ARM.exidx.text.HAL_RCCEx_GetPeriphCLKFreq), (8 bytes).
    Removing air001xx_hal_rcc_ex.o(.text.HAL_RCCEx_EnableLSCO), (228 bytes).
    Removing air001xx_hal_rcc_ex.o(.ARM.exidx.text.HAL_RCCEx_EnableLSCO), (8 bytes).
    Removing air001xx_hal_rcc_ex.o(.text.HAL_RCCEx_DisableLSCO), (152 bytes).
    Removing air001xx_hal_rcc_ex.o(.ARM.exidx.text.HAL_RCCEx_DisableLSCO), (8 bytes).
    Removing air001xx_hal_flash.o(.text), (0 bytes).
    Removing air001xx_hal_flash.o(.text.HAL_FLASH_Unlock), (76 bytes).
    Removing air001xx_hal_flash.o(.ARM.exidx.text.HAL_FLASH_Unlock), (8 bytes).
    Removing air001xx_hal_flash.o(.text.HAL_FLASH_Lock), (48 bytes).
    Removing air001xx_hal_flash.o(.ARM.exidx.text.HAL_FLASH_Lock), (8 bytes).
    Removing air001xx_hal_flash.o(.text.HAL_FLASH_OB_Unlock), (76 bytes).
    Removing air001xx_hal_flash.o(.ARM.exidx.text.HAL_FLASH_OB_Unlock), (8 bytes).
    Removing air001xx_hal_flash.o(.text.HAL_FLASH_OB_Lock), (48 bytes).
    Removing air001xx_hal_flash.o(.ARM.exidx.text.HAL_FLASH_OB_Lock), (8 bytes).
    Removing air001xx_hal_flash.o(.text.HAL_FLASH_OB_Launch), (20 bytes).
    Removing air001xx_hal_flash.o(.ARM.exidx.text.HAL_FLASH_OB_Launch), (8 bytes).
    Removing air001xx_hal_flash.o(.text.HAL_FLASH_GetError), (12 bytes).
    Removing air001xx_hal_flash.o(.ARM.exidx.text.HAL_FLASH_GetError), (8 bytes).
    Removing air001xx_hal_flash.o(.text.FLASH_WaitForLastOperation), (88 bytes).
    Removing air001xx_hal_flash.o(.ARM.exidx.text.FLASH_WaitForLastOperation), (8 bytes).
    Removing air001xx_hal_flash.o(.text.HAL_FLASH_Erase), (792 bytes).
    Removing air001xx_hal_flash.o(.ARM.exidx.text.HAL_FLASH_Erase), (8 bytes).
    Removing air001xx_hal_flash.o(.text.FLASH_MassErase), (40 bytes).
    Removing air001xx_hal_flash.o(.ARM.exidx.text.FLASH_MassErase), (8 bytes).
    Removing air001xx_hal_flash.o(.text.FLASH_PageErase), (40 bytes).
    Removing air001xx_hal_flash.o(.ARM.exidx.text.FLASH_PageErase), (8 bytes).
    Removing air001xx_hal_flash.o(.text.FLASH_SectorErase), (32 bytes).
    Removing air001xx_hal_flash.o(.ARM.exidx.text.FLASH_SectorErase), (8 bytes).
    Removing air001xx_hal_flash.o(.text.HAL_FLASH_Erase_IT), (624 bytes).
    Removing air001xx_hal_flash.o(.ARM.exidx.text.HAL_FLASH_Erase_IT), (8 bytes).
    Removing air001xx_hal_flash.o(.text.HAL_FLASH_PageProgram), (22 bytes).
    Removing air001xx_hal_flash.o(.ARM.exidx.text.HAL_FLASH_PageProgram), (8 bytes).
    Removing air001xx_hal_flash.o(.text.HAL_FLASH_Program), (584 bytes).
    Removing air001xx_hal_flash.o(.ARM.exidx.text.HAL_FLASH_Program), (8 bytes).
    Removing air001xx_hal_flash.o(.RamFunc), (124 bytes).
    Removing air001xx_hal_flash.o(.ARM.exidx.RamFunc), (8 bytes).
    Removing air001xx_hal_flash.o(.text.HAL_FLASH_PageProgram_IT), (22 bytes).
    Removing air001xx_hal_flash.o(.ARM.exidx.text.HAL_FLASH_PageProgram_IT), (8 bytes).
    Removing air001xx_hal_flash.o(.text.HAL_FLASH_Program_IT), (548 bytes).
    Removing air001xx_hal_flash.o(.ARM.exidx.text.HAL_FLASH_Program_IT), (8 bytes).
    Removing air001xx_hal_flash.o(.text.HAL_FLASH_OB_RDP_LevelConfig), (168 bytes).
    Removing air001xx_hal_flash.o(.ARM.exidx.text.HAL_FLASH_OB_RDP_LevelConfig), (8 bytes).
    Removing air001xx_hal_flash.o(.text.HAL_FLASH_OBProgram), (692 bytes).
    Removing air001xx_hal_flash.o(.ARM.exidx.text.HAL_FLASH_OBProgram), (8 bytes).
    Removing air001xx_hal_flash.o(.text.FLASH_OB_OptrConfig), (48 bytes).
    Removing air001xx_hal_flash.o(.ARM.exidx.text.FLASH_OB_OptrConfig), (8 bytes).
    Removing air001xx_hal_flash.o(.text.FLASH_OB_GetUser), (24 bytes).
    Removing air001xx_hal_flash.o(.ARM.exidx.text.FLASH_OB_GetUser), (8 bytes).
    Removing air001xx_hal_flash.o(.text.FLASH_OB_GetRDP), (40 bytes).
    Removing air001xx_hal_flash.o(.ARM.exidx.text.FLASH_OB_GetRDP), (8 bytes).
    Removing air001xx_hal_flash.o(.text.HAL_FLASH_OBGetConfig), (112 bytes).
    Removing air001xx_hal_flash.o(.ARM.exidx.text.HAL_FLASH_OBGetConfig), (8 bytes).
    Removing air001xx_hal_flash.o(.text.HAL_FLASH_IRQHandler), (320 bytes).
    Removing air001xx_hal_flash.o(.ARM.exidx.text.HAL_FLASH_IRQHandler), (8 bytes).
    Removing air001xx_hal_flash.o(.text.HAL_FLASH_OperationErrorCallback), (8 bytes).
    Removing air001xx_hal_flash.o(.ARM.exidx.text.HAL_FLASH_OperationErrorCallback), (8 bytes).
    Removing air001xx_hal_flash.o(.text.HAL_FLASH_EndOfOperationCallback), (8 bytes).
    Removing air001xx_hal_flash.o(.ARM.exidx.text.HAL_FLASH_EndOfOperationCallback), (8 bytes).
    Removing air001xx_hal_flash.o(.bss.pFlash), (24 bytes).
    Removing air001xx_hal_flash.o(.rodata._FlashTimmingParam), (32 bytes).
    Removing air001xx_hal_gpio.o(.text), (0 bytes).
    Removing air001xx_hal_gpio.o(.ARM.exidx.text.HAL_GPIO_Init), (8 bytes).
    Removing air001xx_hal_gpio.o(.text.HAL_GPIO_DeInit), (332 bytes).
    Removing air001xx_hal_gpio.o(.ARM.exidx.text.HAL_GPIO_DeInit), (8 bytes).
    Removing air001xx_hal_gpio.o(.text.HAL_GPIO_ReadPin), (50 bytes).
    Removing air001xx_hal_gpio.o(.ARM.exidx.text.HAL_GPIO_ReadPin), (8 bytes).
    Removing air001xx_hal_gpio.o(.text.HAL_GPIO_WritePin), (44 bytes).
    Removing air001xx_hal_gpio.o(.ARM.exidx.text.HAL_GPIO_WritePin), (8 bytes).
    Removing air001xx_hal_gpio.o(.text.HAL_GPIO_TogglePin), (50 bytes).
    Removing air001xx_hal_gpio.o(.ARM.exidx.text.HAL_GPIO_TogglePin), (8 bytes).
    Removing air001xx_hal_gpio.o(.text.HAL_GPIO_LockPin), (84 bytes).
    Removing air001xx_hal_gpio.o(.ARM.exidx.text.HAL_GPIO_LockPin), (8 bytes).
    Removing air001xx_hal_gpio.o(.text.HAL_GPIO_EXTI_Callback), (10 bytes).
    Removing air001xx_hal_gpio.o(.ARM.exidx.text.HAL_GPIO_EXTI_Callback), (8 bytes).
    Removing air001xx_hal_gpio.o(.text.HAL_GPIO_EXTI_IRQHandler), (44 bytes).
    Removing air001xx_hal_gpio.o(.ARM.exidx.text.HAL_GPIO_EXTI_IRQHandler), (8 bytes).
    Removing air001xx_hal_dma.o(.text), (0 bytes).
    Removing air001xx_hal_dma.o(.ARM.exidx.text.HAL_DMA_Init), (8 bytes).
    Removing air001xx_hal_dma.o(.text.HAL_DMA_DeInit), (172 bytes).
    Removing air001xx_hal_dma.o(.ARM.exidx.text.HAL_DMA_DeInit), (8 bytes).
    Removing air001xx_hal_dma.o(.text.HAL_DMA_Start), (154 bytes).
    Removing air001xx_hal_dma.o(.ARM.exidx.text.HAL_DMA_Start), (8 bytes).
    Removing air001xx_hal_dma.o(.ARM.exidx.text.DMA_SetConfig), (8 bytes).
    Removing air001xx_hal_dma.o(.ARM.exidx.text.HAL_DMA_Start_IT), (8 bytes).
    Removing air001xx_hal_dma.o(.text.HAL_DMA_Abort), (120 bytes).
    Removing air001xx_hal_dma.o(.ARM.exidx.text.HAL_DMA_Abort), (8 bytes).
    Removing air001xx_hal_dma.o(.ARM.exidx.text.HAL_DMA_Abort_IT), (8 bytes).
    Removing air001xx_hal_dma.o(.text.HAL_DMA_PollForTransfer), (576 bytes).
    Removing air001xx_hal_dma.o(.ARM.exidx.text.HAL_DMA_PollForTransfer), (8 bytes).
    Removing air001xx_hal_dma.o(.ARM.exidx.text.HAL_DMA_IRQHandler), (8 bytes).
    Removing air001xx_hal_dma.o(.text.HAL_DMA_RegisterCallback), (178 bytes).
    Removing air001xx_hal_dma.o(.ARM.exidx.text.HAL_DMA_RegisterCallback), (8 bytes).
    Removing air001xx_hal_dma.o(.text.HAL_DMA_UnRegisterCallback), (198 bytes).
    Removing air001xx_hal_dma.o(.ARM.exidx.text.HAL_DMA_UnRegisterCallback), (8 bytes).
    Removing air001xx_hal_dma.o(.text.HAL_DMA_ChannelMap), (88 bytes).
    Removing air001xx_hal_dma.o(.ARM.exidx.text.HAL_DMA_ChannelMap), (8 bytes).
    Removing air001xx_hal_dma.o(.text.HAL_DMA_GetState), (14 bytes).
    Removing air001xx_hal_dma.o(.ARM.exidx.text.HAL_DMA_GetState), (8 bytes).
    Removing air001xx_hal_dma.o(.text.HAL_DMA_GetError), (12 bytes).
    Removing air001xx_hal_dma.o(.ARM.exidx.text.HAL_DMA_GetError), (8 bytes).
    Removing air001xx_hal_pwr.o(.text), (0 bytes).
    Removing air001xx_hal_pwr.o(.text.HAL_PWR_DeInit), (24 bytes).
    Removing air001xx_hal_pwr.o(.ARM.exidx.text.HAL_PWR_DeInit), (8 bytes).
    Removing air001xx_hal_pwr.o(.text.HAL_PWR_EnableBkUpAccess), (20 bytes).
    Removing air001xx_hal_pwr.o(.ARM.exidx.text.HAL_PWR_EnableBkUpAccess), (8 bytes).
    Removing air001xx_hal_pwr.o(.text.HAL_PWR_DisableBkUpAccess), (20 bytes).
    Removing air001xx_hal_pwr.o(.ARM.exidx.text.HAL_PWR_DisableBkUpAccess), (8 bytes).
    Removing air001xx_hal_pwr.o(.text.HAL_PWR_ConfigPVD), (204 bytes).
    Removing air001xx_hal_pwr.o(.ARM.exidx.text.HAL_PWR_ConfigPVD), (8 bytes).
    Removing air001xx_hal_pwr.o(.text.HAL_PWR_EnablePVD), (16 bytes).
    Removing air001xx_hal_pwr.o(.ARM.exidx.text.HAL_PWR_EnablePVD), (8 bytes).
    Removing air001xx_hal_pwr.o(.text.HAL_PWR_DisablePVD), (16 bytes).
    Removing air001xx_hal_pwr.o(.ARM.exidx.text.HAL_PWR_DisablePVD), (8 bytes).
    Removing air001xx_hal_pwr.o(.text.HAL_PWR_ConfigStopMode), (48 bytes).
    Removing air001xx_hal_pwr.o(.ARM.exidx.text.HAL_PWR_ConfigStopMode), (8 bytes).
    Removing air001xx_hal_pwr.o(.text.HAL_PWR_ConfigBIAS), (68 bytes).
    Removing air001xx_hal_pwr.o(.ARM.exidx.text.HAL_PWR_ConfigBIAS), (8 bytes).
    Removing air001xx_hal_pwr.o(.text.HAL_PWR_EnterSLEEPMode), (48 bytes).
    Removing air001xx_hal_pwr.o(.ARM.exidx.text.HAL_PWR_EnterSLEEPMode), (8 bytes).
    Removing air001xx_hal_pwr.o(.text.HAL_PWR_EnterSTOPMode), (100 bytes).
    Removing air001xx_hal_pwr.o(.ARM.exidx.text.HAL_PWR_EnterSTOPMode), (8 bytes).
    Removing air001xx_hal_pwr.o(.text.HAL_PWR_EnableSleepOnExit), (16 bytes).
    Removing air001xx_hal_pwr.o(.ARM.exidx.text.HAL_PWR_EnableSleepOnExit), (8 bytes).
    Removing air001xx_hal_pwr.o(.text.HAL_PWR_DisableSleepOnExit), (16 bytes).
    Removing air001xx_hal_pwr.o(.ARM.exidx.text.HAL_PWR_DisableSleepOnExit), (8 bytes).
    Removing air001xx_hal_pwr.o(.text.HAL_PWR_EnableSEVOnPend), (16 bytes).
    Removing air001xx_hal_pwr.o(.ARM.exidx.text.HAL_PWR_EnableSEVOnPend), (8 bytes).
    Removing air001xx_hal_pwr.o(.text.HAL_PWR_DisableSEVOnPend), (16 bytes).
    Removing air001xx_hal_pwr.o(.ARM.exidx.text.HAL_PWR_DisableSEVOnPend), (8 bytes).
    Removing air001xx_hal_pwr.o(.text.HAL_PWR_PVD_IRQHandler), (36 bytes).
    Removing air001xx_hal_pwr.o(.ARM.exidx.text.HAL_PWR_PVD_IRQHandler), (8 bytes).
    Removing air001xx_hal_pwr.o(.text.HAL_PWR_PVD_Callback), (2 bytes).
    Removing air001xx_hal_pwr.o(.ARM.exidx.text.HAL_PWR_PVD_Callback), (8 bytes).
    Removing air001xx_hal_uart.o(.text), (0 bytes).
    Removing air001xx_hal_uart.o(.ARM.exidx.text.HAL_UART_Init), (8 bytes).
    Removing air001xx_hal_uart.o(.text.HAL_UART_MspInit), (8 bytes).
    Removing air001xx_hal_uart.o(.ARM.exidx.text.HAL_UART_MspInit), (8 bytes).
    Removing air001xx_hal_uart.o(.ARM.exidx.text.UART_SetConfig), (8 bytes).
    Removing air001xx_hal_uart.o(.ARM.exidx.text.UART_AdvFeatureConfig), (8 bytes).
    Removing air001xx_hal_uart.o(.text.HAL_HalfDuplex_Init), (152 bytes).
    Removing air001xx_hal_uart.o(.ARM.exidx.text.HAL_HalfDuplex_Init), (8 bytes).
    Removing air001xx_hal_uart.o(.text.HAL_MultiProcessor_Init), (212 bytes).
    Removing air001xx_hal_uart.o(.ARM.exidx.text.HAL_MultiProcessor_Init), (8 bytes).
    Removing air001xx_hal_uart.o(.text.HAL_UART_DeInit), (98 bytes).
    Removing air001xx_hal_uart.o(.ARM.exidx.text.HAL_UART_DeInit), (8 bytes).
    Removing air001xx_hal_uart.o(.text.HAL_UART_MspDeInit), (8 bytes).
    Removing air001xx_hal_uart.o(.ARM.exidx.text.HAL_UART_MspDeInit), (8 bytes).
    Removing air001xx_hal_uart.o(.text.HAL_UART_Transmit), (392 bytes).
    Removing air001xx_hal_uart.o(.ARM.exidx.text.HAL_UART_Transmit), (8 bytes).
    Removing air001xx_hal_uart.o(.text.UART_WaitOnFlagUntilTimeout), (158 bytes).
    Removing air001xx_hal_uart.o(.ARM.exidx.text.UART_WaitOnFlagUntilTimeout), (8 bytes).
    Removing air001xx_hal_uart.o(.text.HAL_UART_Receive), (360 bytes).
    Removing air001xx_hal_uart.o(.ARM.exidx.text.HAL_UART_Receive), (8 bytes).
    Removing air001xx_hal_uart.o(.text.HAL_UART_Transmit_IT), (162 bytes).
    Removing air001xx_hal_uart.o(.ARM.exidx.text.HAL_UART_Transmit_IT), (8 bytes).
    Removing air001xx_hal_uart.o(.text.HAL_UART_Receive_IT), (186 bytes).
    Removing air001xx_hal_uart.o(.ARM.exidx.text.HAL_UART_Receive_IT), (8 bytes).
    Removing air001xx_hal_uart.o(.ARM.exidx.text.HAL_UART_Transmit_DMA), (8 bytes).
    Removing air001xx_hal_uart.o(.ARM.exidx.text.UART_DMATransmitCplt), (8 bytes).
    Removing air001xx_hal_uart.o(.ARM.exidx.text.UART_DMATxHalfCplt), (8 bytes).
    Removing air001xx_hal_uart.o(.ARM.exidx.text.UART_DMAError), (8 bytes).
    Removing air001xx_hal_uart.o(.text.HAL_UART_Receive_DMA), (316 bytes).
    Removing air001xx_hal_uart.o(.ARM.exidx.text.HAL_UART_Receive_DMA), (8 bytes).
    Removing air001xx_hal_uart.o(.text.UART_DMAReceiveCplt), (88 bytes).
    Removing air001xx_hal_uart.o(.ARM.exidx.text.UART_DMAReceiveCplt), (8 bytes).
    Removing air001xx_hal_uart.o(.text.UART_DMARxHalfCplt), (22 bytes).
    Removing air001xx_hal_uart.o(.ARM.exidx.text.UART_DMARxHalfCplt), (8 bytes).
    Removing air001xx_hal_uart.o(.text.HAL_UART_DMAPause), (188 bytes).
    Removing air001xx_hal_uart.o(.ARM.exidx.text.HAL_UART_DMAPause), (8 bytes).
    Removing air001xx_hal_uart.o(.text.HAL_UART_DMAResume), (168 bytes).
    Removing air001xx_hal_uart.o(.ARM.exidx.text.HAL_UART_DMAResume), (8 bytes).
    Removing air001xx_hal_uart.o(.text.HAL_UART_DMAStop), (162 bytes).
    Removing air001xx_hal_uart.o(.ARM.exidx.text.HAL_UART_DMAStop), (8 bytes).
    Removing air001xx_hal_uart.o(.ARM.exidx.text.UART_EndTxTransfer), (8 bytes).
    Removing air001xx_hal_uart.o(.ARM.exidx.text.UART_EndRxTransfer), (8 bytes).
    Removing air001xx_hal_uart.o(.text.HAL_UART_Abort), (258 bytes).
    Removing air001xx_hal_uart.o(.ARM.exidx.text.HAL_UART_Abort), (8 bytes).
    Removing air001xx_hal_uart.o(.text.HAL_UART_AbortTransmit), (138 bytes).
    Removing air001xx_hal_uart.o(.ARM.exidx.text.HAL_UART_AbortTransmit), (8 bytes).
    Removing air001xx_hal_uart.o(.text.HAL_UART_AbortReceive), (152 bytes).
    Removing air001xx_hal_uart.o(.ARM.exidx.text.HAL_UART_AbortReceive), (8 bytes).
    Removing air001xx_hal_uart.o(.text.HAL_UART_Abort_IT), (328 bytes).
    Removing air001xx_hal_uart.o(.ARM.exidx.text.HAL_UART_Abort_IT), (8 bytes).
    Removing air001xx_hal_uart.o(.text.UART_DMATxAbortCallback), (86 bytes).
    Removing air001xx_hal_uart.o(.ARM.exidx.text.UART_DMATxAbortCallback), (8 bytes).
    Removing air001xx_hal_uart.o(.text.UART_DMARxAbortCallback), (86 bytes).
    Removing air001xx_hal_uart.o(.ARM.exidx.text.UART_DMARxAbortCallback), (8 bytes).
    Removing air001xx_hal_uart.o(.text.HAL_UART_AbortCpltCallback), (8 bytes).
    Removing air001xx_hal_uart.o(.ARM.exidx.text.HAL_UART_AbortCpltCallback), (8 bytes).
    Removing air001xx_hal_uart.o(.text.HAL_UART_AbortTransmit_IT), (144 bytes).
    Removing air001xx_hal_uart.o(.ARM.exidx.text.HAL_UART_AbortTransmit_IT), (8 bytes).
    Removing air001xx_hal_uart.o(.text.UART_DMATxOnlyAbortCallback), (36 bytes).
    Removing air001xx_hal_uart.o(.ARM.exidx.text.UART_DMATxOnlyAbortCallback), (8 bytes).
    Removing air001xx_hal_uart.o(.text.HAL_UART_AbortTransmitCpltCallback), (8 bytes).
    Removing air001xx_hal_uart.o(.ARM.exidx.text.HAL_UART_AbortTransmitCpltCallback), (8 bytes).
    Removing air001xx_hal_uart.o(.text.HAL_UART_AbortReceive_IT), (160 bytes).
    Removing air001xx_hal_uart.o(.ARM.exidx.text.HAL_UART_AbortReceive_IT), (8 bytes).
    Removing air001xx_hal_uart.o(.text.UART_DMARxOnlyAbortCallback), (36 bytes).
    Removing air001xx_hal_uart.o(.ARM.exidx.text.UART_DMARxOnlyAbortCallback), (8 bytes).
    Removing air001xx_hal_uart.o(.text.HAL_UART_AbortReceiveCpltCallback), (8 bytes).
    Removing air001xx_hal_uart.o(.ARM.exidx.text.HAL_UART_AbortReceiveCpltCallback), (8 bytes).
    Removing air001xx_hal_uart.o(.ARM.exidx.text.HAL_UART_IRQHandler), (8 bytes).
    Removing air001xx_hal_uart.o(.ARM.exidx.text.UART_Receive_IT), (8 bytes).
    Removing air001xx_hal_uart.o(.ARM.exidx.text.UART_DMAAbortOnError), (8 bytes).
    Removing air001xx_hal_uart.o(.ARM.exidx.text.HAL_UART_ErrorCallback), (8 bytes).
    Removing air001xx_hal_uart.o(.ARM.exidx.text.UART_Transmit_IT), (8 bytes).
    Removing air001xx_hal_uart.o(.ARM.exidx.text.UART_EndTransmit_IT), (8 bytes).
    Removing air001xx_hal_uart.o(.ARM.exidx.text.HAL_UART_TxCpltCallback), (8 bytes).
    Removing air001xx_hal_uart.o(.ARM.exidx.text.HAL_UART_TxHalfCpltCallback), (8 bytes).
    Removing air001xx_hal_uart.o(.ARM.exidx.text.HAL_UART_RxCpltCallback), (8 bytes).
    Removing air001xx_hal_uart.o(.text.HAL_UART_RxHalfCpltCallback), (8 bytes).
    Removing air001xx_hal_uart.o(.ARM.exidx.text.HAL_UART_RxHalfCpltCallback), (8 bytes).
    Removing air001xx_hal_uart.o(.text.HAL_UART_SendBreak), (92 bytes).
    Removing air001xx_hal_uart.o(.ARM.exidx.text.HAL_UART_SendBreak), (8 bytes).
    Removing air001xx_hal_uart.o(.text.HAL_MultiProcessor_EnterMuteMode), (92 bytes).
    Removing air001xx_hal_uart.o(.ARM.exidx.text.HAL_MultiProcessor_EnterMuteMode), (8 bytes).
    Removing air001xx_hal_uart.o(.text.HAL_MultiProcessor_ExitMuteMode), (92 bytes).
    Removing air001xx_hal_uart.o(.ARM.exidx.text.HAL_MultiProcessor_ExitMuteMode), (8 bytes).
    Removing air001xx_hal_uart.o(.text.HAL_HalfDuplex_EnableTransmitter), (116 bytes).
    Removing air001xx_hal_uart.o(.ARM.exidx.text.HAL_HalfDuplex_EnableTransmitter), (8 bytes).
    Removing air001xx_hal_uart.o(.text.HAL_HalfDuplex_EnableReceiver), (116 bytes).
    Removing air001xx_hal_uart.o(.ARM.exidx.text.HAL_HalfDuplex_EnableReceiver), (8 bytes).
    Removing air001xx_hal_uart.o(.ARM.exidx.text.HAL_UART_GetState), (8 bytes).
    Removing air001xx_hal_uart.o(.text.HAL_UART_GetError), (12 bytes).
    Removing air001xx_hal_uart.o(.ARM.exidx.text.HAL_UART_GetError), (8 bytes).
    Removing air001xx_hal_cortex.o(.text), (0 bytes).
    Removing air001xx_hal_cortex.o(.ARM.exidx.text.HAL_NVIC_SetPriority), (8 bytes).
    Removing air001xx_hal_cortex.o(.ARM.exidx.text.NVIC_SetPriority), (8 bytes).
    Removing air001xx_hal_cortex.o(.ARM.exidx.text.HAL_NVIC_EnableIRQ), (8 bytes).
    Removing air001xx_hal_cortex.o(.ARM.exidx.text.NVIC_EnableIRQ), (8 bytes).
    Removing air001xx_hal_cortex.o(.text.HAL_NVIC_DisableIRQ), (22 bytes).
    Removing air001xx_hal_cortex.o(.ARM.exidx.text.HAL_NVIC_DisableIRQ), (8 bytes).
    Removing air001xx_hal_cortex.o(.text.NVIC_DisableIRQ), (32 bytes).
    Removing air001xx_hal_cortex.o(.ARM.exidx.text.NVIC_DisableIRQ), (8 bytes).
    Removing air001xx_hal_cortex.o(.text.HAL_NVIC_SystemReset), (8 bytes).
    Removing air001xx_hal_cortex.o(.ARM.exidx.text.HAL_NVIC_SystemReset), (8 bytes).
    Removing air001xx_hal_cortex.o(.text.NVIC_SystemReset), (28 bytes).
    Removing air001xx_hal_cortex.o(.ARM.exidx.text.NVIC_SystemReset), (8 bytes).
    Removing air001xx_hal_cortex.o(.ARM.exidx.text.HAL_SYSTICK_Config), (8 bytes).
    Removing air001xx_hal_cortex.o(.ARM.exidx.text.SysTick_Config), (8 bytes).
    Removing air001xx_hal_cortex.o(.text.HAL_NVIC_GetPriority), (22 bytes).
    Removing air001xx_hal_cortex.o(.ARM.exidx.text.HAL_NVIC_GetPriority), (8 bytes).
    Removing air001xx_hal_cortex.o(.text.NVIC_GetPriority), (96 bytes).
    Removing air001xx_hal_cortex.o(.ARM.exidx.text.NVIC_GetPriority), (8 bytes).
    Removing air001xx_hal_cortex.o(.text.HAL_NVIC_SetPendingIRQ), (22 bytes).
    Removing air001xx_hal_cortex.o(.ARM.exidx.text.HAL_NVIC_SetPendingIRQ), (8 bytes).
    Removing air001xx_hal_cortex.o(.text.NVIC_SetPendingIRQ), (32 bytes).
    Removing air001xx_hal_cortex.o(.ARM.exidx.text.NVIC_SetPendingIRQ), (8 bytes).
    Removing air001xx_hal_cortex.o(.text.HAL_NVIC_GetPendingIRQ), (22 bytes).
    Removing air001xx_hal_cortex.o(.ARM.exidx.text.HAL_NVIC_GetPendingIRQ), (8 bytes).
    Removing air001xx_hal_cortex.o(.text.NVIC_GetPendingIRQ), (32 bytes).
    Removing air001xx_hal_cortex.o(.ARM.exidx.text.NVIC_GetPendingIRQ), (8 bytes).
    Removing air001xx_hal_cortex.o(.text.HAL_NVIC_ClearPendingIRQ), (22 bytes).
    Removing air001xx_hal_cortex.o(.ARM.exidx.text.HAL_NVIC_ClearPendingIRQ), (8 bytes).
    Removing air001xx_hal_cortex.o(.text.NVIC_ClearPendingIRQ), (32 bytes).
    Removing air001xx_hal_cortex.o(.ARM.exidx.text.NVIC_ClearPendingIRQ), (8 bytes).
    Removing air001xx_hal_cortex.o(.text.HAL_SYSTICK_CLKSourceConfig), (44 bytes).
    Removing air001xx_hal_cortex.o(.ARM.exidx.text.HAL_SYSTICK_CLKSourceConfig), (8 bytes).
    Removing air001xx_hal_cortex.o(.text.HAL_SYSTICK_IRQHandler), (8 bytes).
    Removing air001xx_hal_cortex.o(.ARM.exidx.text.HAL_SYSTICK_IRQHandler), (8 bytes).
    Removing air001xx_hal_cortex.o(.text.HAL_SYSTICK_Callback), (2 bytes).
    Removing air001xx_hal_cortex.o(.ARM.exidx.text.HAL_SYSTICK_Callback), (8 bytes).

390 unused section(s) (total 18411 bytes) removed from the image.

==============================================================================

Image Symbol Table

    Local Symbols

    Symbol Name                              Value     Ov Type        Size  Object(Section)

    ../clib/division.s                       0x00000000   Number         0  aeabi_sdiv.o ABSOLUTE
    ../clib/division.s                       0x00000000   Number         0  aeabi_sdiv_div0.o ABSOLUTE
    ../clib/microlib/division.c              0x00000000   Number         0  uidiv.o ABSOLUTE
    ../clib/microlib/division.c              0x00000000   Number         0  uidiv_div0.o ABSOLUTE
    ../clib/microlib/division.c              0x00000000   Number         0  idiv_div0.o ABSOLUTE
    ../clib/microlib/division.c              0x00000000   Number         0  idiv0.o ABSOLUTE
    ../clib/microlib/init/entry.s            0x00000000   Number         0  entry.o ABSOLUTE
    ../clib/microlib/init/entry.s            0x00000000   Number         0  entry2.o ABSOLUTE
    ../clib/microlib/init/entry.s            0x00000000   Number         0  entry5.o ABSOLUTE
    ../clib/microlib/init/entry.s            0x00000000   Number         0  entry7a.o ABSOLUTE
    ../clib/microlib/init/entry.s            0x00000000   Number         0  entry7b.o ABSOLUTE
    ../clib/microlib/init/entry.s            0x00000000   Number         0  entry8a.o ABSOLUTE
    ../clib/microlib/init/entry.s            0x00000000   Number         0  entry8b.o ABSOLUTE
    ../clib/microlib/init/entry.s            0x00000000   Number         0  entry9a.o ABSOLUTE
    ../clib/microlib/init/entry.s            0x00000000   Number         0  entry9b.o ABSOLUTE
    ../clib/microlib/init/entry.s            0x00000000   Number         0  entry10a.o ABSOLUTE
    ../clib/microlib/init/entry.s            0x00000000   Number         0  entry10b.o ABSOLUTE
    ../clib/microlib/init/entry.s            0x00000000   Number         0  entry11a.o ABSOLUTE
    ../clib/microlib/init/entry.s            0x00000000   Number         0  entry11b.o ABSOLUTE
    ../clib/microlib/string/memset.c         0x00000000   Number         0  memseta.o ABSOLUTE
    air001_Core_Board.c                      0x00000000   Number         0  air001_core_board.o ABSOLUTE
    air001xx_hal.c                           0x00000000   Number         0  air001xx_hal.o ABSOLUTE
    air001xx_hal_cortex.c                    0x00000000   Number         0  air001xx_hal_cortex.o ABSOLUTE
    air001xx_hal_dma.c                       0x00000000   Number         0  air001xx_hal_dma.o ABSOLUTE
    air001xx_hal_flash.c                     0x00000000   Number         0  air001xx_hal_flash.o ABSOLUTE
    air001xx_hal_gpio.c                      0x00000000   Number         0  air001xx_hal_gpio.o ABSOLUTE
    air001xx_hal_msp.c                       0x00000000   Number         0  air001xx_hal_msp.o ABSOLUTE
    air001xx_hal_pwr.c                       0x00000000   Number         0  air001xx_hal_pwr.o ABSOLUTE
    air001xx_hal_rcc.c                       0x00000000   Number         0  air001xx_hal_rcc.o ABSOLUTE
    air001xx_hal_rcc_ex.c                    0x00000000   Number         0  air001xx_hal_rcc_ex.o ABSOLUTE
    air001xx_hal_uart.c                      0x00000000   Number         0  air001xx_hal_uart.o ABSOLUTE
    air001xx_it.c                            0x00000000   Number         0  air001xx_it.o ABSOLUTE
    dc.s                                     0x00000000   Number         0  dc.o ABSOLUTE
    handlers.s                               0x00000000   Number         0  handlers.o ABSOLUTE
    init.s                                   0x00000000   Number         0  init.o ABSOLUTE
    main.c                                   0x00000000   Number         0  main.o ABSOLUTE
    startup_air001_dev.s                     0x00000000   Number         0  startup_air001_dev.o ABSOLUTE
    system_air001xx.c                        0x00000000   Number         0  system_air001xx.o ABSOLUTE
    RESET                                    0x08000000   Section      192  startup_air001_dev.o(RESET)
    .ARM.Collect$$$$00000000                 0x080000c0   Section        0  entry.o(.ARM.Collect$$$$00000000)
    .ARM.Collect$$$$00000001                 0x080000c0   Section        4  entry2.o(.ARM.Collect$$$$00000001)
    .ARM.Collect$$$$00000004                 0x080000c4   Section        4  entry5.o(.ARM.Collect$$$$00000004)
    .ARM.Collect$$$$00000008                 0x080000c8   Section        0  entry7b.o(.ARM.Collect$$$$00000008)
    .ARM.Collect$$$$0000000A                 0x080000c8   Section        0  entry8b.o(.ARM.Collect$$$$0000000A)
    .ARM.Collect$$$$0000000B                 0x080000c8   Section        8  entry9a.o(.ARM.Collect$$$$0000000B)
    __lit__00000000                          0x080000d0   Data           4  entry2.o(.ARM.Collect$$$$00002712)
    .ARM.Collect$$$$0000000D                 0x080000d0   Section        0  entry10a.o(.ARM.Collect$$$$0000000D)
    .ARM.Collect$$$$0000000F                 0x080000d0   Section        0  entry11a.o(.ARM.Collect$$$$0000000F)
    .ARM.Collect$$$$00002712                 0x080000d0   Section        4  entry2.o(.ARM.Collect$$$$00002712)
    .text                                    0x080000d4   Section       28  startup_air001_dev.o(.text)
    .text                                    0x080000f0   Section        0  memseta.o(.text)
    .text                                    0x08000114   Section        0  uidiv_div0.o(.text)
    .text                                    0x08000154   Section       36  init.o(.text)
    [Anonymous Symbol]                       0x08000178   Section        0  system_air001xx.o(.text.$Sub$$main)
    __arm_cp.2_0                             0x080001c0   Number         4  system_air001xx.o(.text.$Sub$$main)
    __arm_cp.2_1                             0x080001c4   Number         4  system_air001xx.o(.text.$Sub$$main)
    APP_SystemClockConfig                    0x080001c9   Thumb Code   120  main.o(.text.APP_SystemClockConfig)
    [Anonymous Symbol]                       0x080001c8   Section        0  main.o(.text.APP_SystemClockConfig)
    __arm_cp.2_0                             0x08000240   Number         4  main.o(.text.APP_SystemClockConfig)
    __arm_cp.2_1                             0x08000244   Number         4  main.o(.text.APP_SystemClockConfig)
    [Anonymous Symbol]                       0x08000248   Section        0  air001xx_it.o(.text.DMA1_Channel1_IRQHandler)
    [Anonymous Symbol]                       0x08000254   Section        0  air001xx_it.o(.text.DMA1_Channel2_3_IRQHandler)
    __arm_cp.6_0                             0x08000260   Number         4  air001xx_it.o(.text.DMA1_Channel2_3_IRQHandler)
    DMA_SetConfig                            0x08000265   Thumb Code    80  air001xx_hal_dma.o(.text.DMA_SetConfig)
    [Anonymous Symbol]                       0x08000264   Section        0  air001xx_hal_dma.o(.text.DMA_SetConfig)
    [Anonymous Symbol]                       0x080002b4   Section        0  main.o(.text.Error_Handler)
    [Anonymous Symbol]                       0x080002b8   Section        0  air001xx_hal_dma.o(.text.HAL_DMA_Abort_IT)
    [Anonymous Symbol]                       0x0800035c   Section        0  air001xx_hal_dma.o(.text.HAL_DMA_IRQHandler)
    __arm_cp.8_0                             0x080004f4   Number         4  air001xx_hal_dma.o(.text.HAL_DMA_IRQHandler)
    __arm_cp.8_1                             0x080004f8   Number         4  air001xx_hal_dma.o(.text.HAL_DMA_IRQHandler)
    __arm_cp.8_2                             0x080004fc   Number         4  air001xx_hal_dma.o(.text.HAL_DMA_IRQHandler)
    [Anonymous Symbol]                       0x08000500   Section        0  air001xx_hal_dma.o(.text.HAL_DMA_Init)
    __arm_cp.0_0                             0x08000598   Number         4  air001xx_hal_dma.o(.text.HAL_DMA_Init)
    __arm_cp.0_1                             0x0800059c   Number         4  air001xx_hal_dma.o(.text.HAL_DMA_Init)
    __arm_cp.0_2                             0x080005a0   Number         4  air001xx_hal_dma.o(.text.HAL_DMA_Init)
    [Anonymous Symbol]                       0x080005a4   Section        0  air001xx_hal_dma.o(.text.HAL_DMA_Start_IT)
    [Anonymous Symbol]                       0x08000670   Section        0  air001xx_hal_gpio.o(.text.HAL_GPIO_Init)
    __arm_cp.0_0                             0x080008f4   Number         4  air001xx_hal_gpio.o(.text.HAL_GPIO_Init)
    __arm_cp.0_1                             0x080008f8   Number         4  air001xx_hal_gpio.o(.text.HAL_GPIO_Init)
    __arm_cp.0_2                             0x080008fc   Number         4  air001xx_hal_gpio.o(.text.HAL_GPIO_Init)
    __arm_cp.0_3                             0x08000900   Number         4  air001xx_hal_gpio.o(.text.HAL_GPIO_Init)
    __arm_cp.0_4                             0x08000904   Number         4  air001xx_hal_gpio.o(.text.HAL_GPIO_Init)
    __arm_cp.0_5                             0x08000908   Number         4  air001xx_hal_gpio.o(.text.HAL_GPIO_Init)
    [Anonymous Symbol]                       0x0800090c   Section        0  air001xx_hal.o(.text.HAL_GetTick)
    [Anonymous Symbol]                       0x08000914   Section        0  air001xx_hal.o(.text.HAL_IncTick)
    __arm_cp.5_1                             0x08000924   Number         4  air001xx_hal.o(.text.HAL_IncTick)
    [Anonymous Symbol]                       0x08000928   Section        0  air001xx_hal.o(.text.HAL_Init)
    [Anonymous Symbol]                       0x08000954   Section        0  air001xx_hal.o(.text.HAL_InitTick)
    __arm_cp.1_0                             0x080009cc   Number         4  air001xx_hal.o(.text.HAL_InitTick)
    [Anonymous Symbol]                       0x080009d0   Section        0  air001xx_hal_msp.o(.text.HAL_MspInit)
    __arm_cp.0_0                             0x08000a04   Number         4  air001xx_hal_msp.o(.text.HAL_MspInit)
    __arm_cp.0_1                             0x08000a08   Number         4  air001xx_hal_msp.o(.text.HAL_MspInit)
    [Anonymous Symbol]                       0x08000a0c   Section        0  air001xx_hal_cortex.o(.text.HAL_NVIC_EnableIRQ)
    [Anonymous Symbol]                       0x08000a22   Section        0  air001xx_hal_cortex.o(.text.HAL_NVIC_SetPriority)
    [Anonymous Symbol]                       0x08000a40   Section        0  air001xx_hal_rcc.o(.text.HAL_RCC_ClockConfig)
    __arm_cp.4_0                             0x08000c7c   Number         4  air001xx_hal_rcc.o(.text.HAL_RCC_ClockConfig)
    __arm_cp.4_2                             0x08000c80   Number         4  air001xx_hal_rcc.o(.text.HAL_RCC_ClockConfig)
    __arm_cp.4_3                             0x08000c84   Number         4  air001xx_hal_rcc.o(.text.HAL_RCC_ClockConfig)
    __arm_cp.4_5                             0x08000c88   Number         4  air001xx_hal_rcc.o(.text.HAL_RCC_ClockConfig)
    __arm_cp.4_7                             0x08000c8c   Number         4  air001xx_hal_rcc.o(.text.HAL_RCC_ClockConfig)
    __arm_cp.4_8                             0x08000c90   Number         4  air001xx_hal_rcc.o(.text.HAL_RCC_ClockConfig)
    [Anonymous Symbol]                       0x08000c94   Section        0  air001xx_hal_rcc.o(.text.HAL_RCC_GetHCLKFreq)
    __arm_cp.6_0                             0x08000c9c   Number         4  air001xx_hal_rcc.o(.text.HAL_RCC_GetHCLKFreq)
    [Anonymous Symbol]                       0x08000ca0   Section        0  air001xx_hal_rcc.o(.text.HAL_RCC_GetPCLK1Freq)
    __arm_cp.7_1                             0x08000cc0   Number         4  air001xx_hal_rcc.o(.text.HAL_RCC_GetPCLK1Freq)
    [Anonymous Symbol]                       0x08000cc4   Section        0  air001xx_hal_rcc.o(.text.HAL_RCC_GetSysClockFreq)
    __arm_cp.2_0                             0x08000dd4   Number         4  air001xx_hal_rcc.o(.text.HAL_RCC_GetSysClockFreq)
    __arm_cp.2_1                             0x08000dd8   Number         4  air001xx_hal_rcc.o(.text.HAL_RCC_GetSysClockFreq)
    __arm_cp.2_2                             0x08000ddc   Number         4  air001xx_hal_rcc.o(.text.HAL_RCC_GetSysClockFreq)
    __arm_cp.2_3                             0x08000de0   Number         4  air001xx_hal_rcc.o(.text.HAL_RCC_GetSysClockFreq)
    __arm_cp.2_4                             0x08000de4   Number         4  air001xx_hal_rcc.o(.text.HAL_RCC_GetSysClockFreq)
    __arm_cp.2_5                             0x08000de8   Number         4  air001xx_hal_rcc.o(.text.HAL_RCC_GetSysClockFreq)
    __arm_cp.2_6                             0x08000dec   Number         4  air001xx_hal_rcc.o(.text.HAL_RCC_GetSysClockFreq)
    [Anonymous Symbol]                       0x08000df0   Section        0  air001xx_hal_rcc.o(.text.HAL_RCC_MCOConfig)
    __arm_cp.5_0                             0x08000f7c   Number         4  air001xx_hal_rcc.o(.text.HAL_RCC_MCOConfig)
    __arm_cp.5_1                             0x08000f80   Number         4  air001xx_hal_rcc.o(.text.HAL_RCC_MCOConfig)
    __arm_cp.5_2                             0x08000f84   Number         4  air001xx_hal_rcc.o(.text.HAL_RCC_MCOConfig)
    [Anonymous Symbol]                       0x08000f88   Section        0  air001xx_hal_rcc.o(.text.HAL_RCC_OscConfig)
    __arm_cp.1_19                            0x080013b4   Number         4  air001xx_hal_rcc.o(.text.HAL_RCC_OscConfig)
    __arm_cp.1_20                            0x080013b8   Number         4  air001xx_hal_rcc.o(.text.HAL_RCC_OscConfig)
    __arm_cp.1_21                            0x080013bc   Number         4  air001xx_hal_rcc.o(.text.HAL_RCC_OscConfig)
    __arm_cp.1_22                            0x080013c0   Number         4  air001xx_hal_rcc.o(.text.HAL_RCC_OscConfig)
    __arm_cp.1_23                            0x080013c4   Number         4  air001xx_hal_rcc.o(.text.HAL_RCC_OscConfig)
    __arm_cp.1_0                             0x08001674   Number         4  air001xx_hal_rcc.o(.text.HAL_RCC_OscConfig)
    __arm_cp.1_1                             0x08001678   Number         4  air001xx_hal_rcc.o(.text.HAL_RCC_OscConfig)
    __arm_cp.1_2                             0x0800167c   Number         4  air001xx_hal_rcc.o(.text.HAL_RCC_OscConfig)
    __arm_cp.1_3                             0x08001680   Number         4  air001xx_hal_rcc.o(.text.HAL_RCC_OscConfig)
    __arm_cp.1_9                             0x08001684   Number         4  air001xx_hal_rcc.o(.text.HAL_RCC_OscConfig)
    __arm_cp.1_10                            0x08001688   Number         4  air001xx_hal_rcc.o(.text.HAL_RCC_OscConfig)
    __arm_cp.1_11                            0x0800168c   Number         4  air001xx_hal_rcc.o(.text.HAL_RCC_OscConfig)
    __arm_cp.1_12                            0x08001690   Number         4  air001xx_hal_rcc.o(.text.HAL_RCC_OscConfig)
    __arm_cp.1_13                            0x08001694   Number         4  air001xx_hal_rcc.o(.text.HAL_RCC_OscConfig)
    __arm_cp.1_14                            0x08001698   Number         4  air001xx_hal_rcc.o(.text.HAL_RCC_OscConfig)
    [Anonymous Symbol]                       0x0800169c   Section        0  air001xx_hal.o(.text.HAL_SYSCFG_DMA_Req)
    __arm_cp.21_0                            0x080016b0   Number         4  air001xx_hal.o(.text.HAL_SYSCFG_DMA_Req)
    [Anonymous Symbol]                       0x080016b4   Section        0  air001xx_hal_cortex.o(.text.HAL_SYSTICK_Config)
    [Anonymous Symbol]                       0x080016c4   Section        0  air001xx_hal_uart.o(.text.HAL_UART_ErrorCallback)
    [Anonymous Symbol]                       0x080016cc   Section        0  air001xx_hal_uart.o(.text.HAL_UART_GetState)
    [Anonymous Symbol]                       0x080016f4   Section        0  air001xx_hal_uart.o(.text.HAL_UART_IRQHandler)
    __arm_cp.38_0                            0x08001900   Number         4  air001xx_hal_uart.o(.text.HAL_UART_IRQHandler)
    [Anonymous Symbol]                       0x08001904   Section        0  air001xx_hal_uart.o(.text.HAL_UART_Init)
    [Anonymous Symbol]                       0x080019bc   Section        0  air001xx_hal_msp.o(.text.HAL_UART_MspInit)
    __arm_cp.1_0                             0x08001aec   Number         4  air001xx_hal_msp.o(.text.HAL_UART_MspInit)
    __arm_cp.1_1                             0x08001af0   Number         4  air001xx_hal_msp.o(.text.HAL_UART_MspInit)
    __arm_cp.1_2                             0x08001af4   Number         4  air001xx_hal_msp.o(.text.HAL_UART_MspInit)
    __arm_cp.1_3                             0x08001af8   Number         4  air001xx_hal_msp.o(.text.HAL_UART_MspInit)
    __arm_cp.1_4                             0x08001afc   Number         4  air001xx_hal_msp.o(.text.HAL_UART_MspInit)
    __arm_cp.1_5                             0x08001b00   Number         4  air001xx_hal_msp.o(.text.HAL_UART_MspInit)
    __arm_cp.1_6                             0x08001b04   Number         4  air001xx_hal_msp.o(.text.HAL_UART_MspInit)
    __arm_cp.1_7                             0x08001b08   Number         4  air001xx_hal_msp.o(.text.HAL_UART_MspInit)
    __arm_cp.1_8                             0x08001b0c   Number         4  air001xx_hal_msp.o(.text.HAL_UART_MspInit)
    __arm_cp.1_9                             0x08001b10   Number         4  air001xx_hal_msp.o(.text.HAL_UART_MspInit)
    [Anonymous Symbol]                       0x08001b14   Section        0  air001xx_hal_uart.o(.text.HAL_UART_RxCpltCallback)
    [Anonymous Symbol]                       0x08001b1c   Section        0  air001xx_hal_uart.o(.text.HAL_UART_Transmit_DMA)
    __arm_cp.13_0                            0x08001c00   Number         4  air001xx_hal_uart.o(.text.HAL_UART_Transmit_DMA)
    __arm_cp.13_1                            0x08001c04   Number         4  air001xx_hal_uart.o(.text.HAL_UART_Transmit_DMA)
    __arm_cp.13_2                            0x08001c08   Number         4  air001xx_hal_uart.o(.text.HAL_UART_Transmit_DMA)
    [Anonymous Symbol]                       0x08001c0c   Section        0  air001xx_hal_uart.o(.text.HAL_UART_TxCpltCallback)
    [Anonymous Symbol]                       0x08001c14   Section        0  air001xx_hal_uart.o(.text.HAL_UART_TxHalfCpltCallback)
    [Anonymous Symbol]                       0x08001c1c   Section        0  air001xx_it.o(.text.HardFault_Handler)
    [Anonymous Symbol]                       0x08001c20   Section        0  air001xx_it.o(.text.NMI_Handler)
    NVIC_EnableIRQ                           0x08001c25   Thumb Code    28  air001xx_hal_cortex.o(.text.NVIC_EnableIRQ)
    [Anonymous Symbol]                       0x08001c24   Section        0  air001xx_hal_cortex.o(.text.NVIC_EnableIRQ)
    __arm_cp.3_0                             0x08001c40   Number         4  air001xx_hal_cortex.o(.text.NVIC_EnableIRQ)
    NVIC_SetPriority                         0x08001c45   Thumb Code   124  air001xx_hal_cortex.o(.text.NVIC_SetPriority)
    [Anonymous Symbol]                       0x08001c44   Section        0  air001xx_hal_cortex.o(.text.NVIC_SetPriority)
    __arm_cp.1_0                             0x08001cc0   Number         4  air001xx_hal_cortex.o(.text.NVIC_SetPriority)
    __arm_cp.1_1                             0x08001cc4   Number         4  air001xx_hal_cortex.o(.text.NVIC_SetPriority)
    [Anonymous Symbol]                       0x08001cc8   Section        0  air001xx_it.o(.text.PendSV_Handler)
    RCC_GetHSIFreq                           0x08001ccd   Thumb Code    28  air001xx_hal_rcc.o(.text.RCC_GetHSIFreq)
    [Anonymous Symbol]                       0x08001ccc   Section        0  air001xx_hal_rcc.o(.text.RCC_GetHSIFreq)
    __arm_cp.3_1                             0x08001ce8   Number         4  air001xx_hal_rcc.o(.text.RCC_GetHSIFreq)
    [Anonymous Symbol]                       0x08001cec   Section        0  air001xx_it.o(.text.SVC_Handler)
    SysTick_Config                           0x08001cf1   Thumb Code    68  air001xx_hal_cortex.o(.text.SysTick_Config)
    [Anonymous Symbol]                       0x08001cf0   Section        0  air001xx_hal_cortex.o(.text.SysTick_Config)
    __arm_cp.9_0                             0x08001d34   Number         4  air001xx_hal_cortex.o(.text.SysTick_Config)
    __arm_cp.9_1                             0x08001d38   Number         4  air001xx_hal_cortex.o(.text.SysTick_Config)
    __arm_cp.9_2                             0x08001d3c   Number         4  air001xx_hal_cortex.o(.text.SysTick_Config)
    [Anonymous Symbol]                       0x08001d40   Section        0  air001xx_it.o(.text.SysTick_Handler)
    [Anonymous Symbol]                       0x08001d48   Section        0  system_air001xx.o(.text.SystemInit)
    __arm_cp.1_0                             0x08001d68   Number         4  system_air001xx.o(.text.SystemInit)
    __arm_cp.1_1                             0x08001d6c   Number         4  system_air001xx.o(.text.SystemInit)
    __arm_cp.1_2                             0x08001d70   Number         4  system_air001xx.o(.text.SystemInit)
    __arm_cp.1_3                             0x08001d74   Number         4  system_air001xx.o(.text.SystemInit)
    UART_AdvFeatureConfig                    0x08001d79   Thumb Code    80  air001xx_hal_uart.o(.text.UART_AdvFeatureConfig)
    [Anonymous Symbol]                       0x08001d78   Section        0  air001xx_hal_uart.o(.text.UART_AdvFeatureConfig)
    UART_DMAAbortOnError                     0x08001dc9   Thumb Code    32  air001xx_hal_uart.o(.text.UART_DMAAbortOnError)
    [Anonymous Symbol]                       0x08001dc8   Section        0  air001xx_hal_uart.o(.text.UART_DMAAbortOnError)
    UART_DMAError                            0x08001de9   Thumb Code   130  air001xx_hal_uart.o(.text.UART_DMAError)
    [Anonymous Symbol]                       0x08001de8   Section        0  air001xx_hal_uart.o(.text.UART_DMAError)
    UART_DMATransmitCplt                     0x08001e6b   Thumb Code    70  air001xx_hal_uart.o(.text.UART_DMATransmitCplt)
    [Anonymous Symbol]                       0x08001e6a   Section        0  air001xx_hal_uart.o(.text.UART_DMATransmitCplt)
    UART_DMATxHalfCplt                       0x08001eb1   Thumb Code    22  air001xx_hal_uart.o(.text.UART_DMATxHalfCplt)
    [Anonymous Symbol]                       0x08001eb0   Section        0  air001xx_hal_uart.o(.text.UART_DMATxHalfCplt)
    UART_EndRxTransfer                       0x08001ec7   Thumb Code    42  air001xx_hal_uart.o(.text.UART_EndRxTransfer)
    [Anonymous Symbol]                       0x08001ec6   Section        0  air001xx_hal_uart.o(.text.UART_EndRxTransfer)
    UART_EndTransmit_IT                      0x08001ef1   Thumb Code    38  air001xx_hal_uart.o(.text.UART_EndTransmit_IT)
    [Anonymous Symbol]                       0x08001ef0   Section        0  air001xx_hal_uart.o(.text.UART_EndTransmit_IT)
    UART_EndTxTransfer                       0x08001f17   Thumb Code    28  air001xx_hal_uart.o(.text.UART_EndTxTransfer)
    [Anonymous Symbol]                       0x08001f16   Section        0  air001xx_hal_uart.o(.text.UART_EndTxTransfer)
    UART_Receive_IT                          0x08001f35   Thumb Code   188  air001xx_hal_uart.o(.text.UART_Receive_IT)
    [Anonymous Symbol]                       0x08001f34   Section        0  air001xx_hal_uart.o(.text.UART_Receive_IT)
    UART_SetConfig                           0x08001ff1   Thumb Code   296  air001xx_hal_uart.o(.text.UART_SetConfig)
    [Anonymous Symbol]                       0x08001ff0   Section        0  air001xx_hal_uart.o(.text.UART_SetConfig)
    __arm_cp.2_0                             0x08002118   Number         4  air001xx_hal_uart.o(.text.UART_SetConfig)
    UART_Transmit_IT                         0x0800211d   Thumb Code   164  air001xx_hal_uart.o(.text.UART_Transmit_IT)
    [Anonymous Symbol]                       0x0800211c   Section        0  air001xx_hal_uart.o(.text.UART_Transmit_IT)
    __arm_cp.42_0                            0x080021c0   Number         4  air001xx_hal_uart.o(.text.UART_Transmit_IT)
    [Anonymous Symbol]                       0x080021c4   Section        0  air001xx_it.o(.text.USART1_IRQHandler)
    [Anonymous Symbol]                       0x080021d0   Section        0  air001xx_it.o(.text.USART2_IRQHandler)
    [Anonymous Symbol]                       0x080021dc   Section        0  main.o(.text.bitFill_32Bytes)
    [Anonymous Symbol]                       0x08002238   Section        0  main.o(.text.main)
    __arm_cp.1_0                             0x080022cc   Number         4  main.o(.text.main)
    __arm_cp.1_1                             0x080022d0   Number         4  main.o(.text.main)
    __arm_cp.1_2                             0x080022d4   Number         4  main.o(.text.main)
    __arm_cp.1_3                             0x080022d8   Number         4  main.o(.text.main)
    i.__scatterload_copy                     0x080022dc   Section       14  handlers.o(i.__scatterload_copy)
    i.__scatterload_null                     0x080022ea   Section        2  handlers.o(i.__scatterload_null)
    i.__scatterload_zeroinit                 0x080022ec   Section       14  handlers.o(i.__scatterload_zeroinit)
    [Anonymous Symbol]                       0x080022fc   Section        0  air001xx_hal_rcc.o(.rodata..L__const.HAL_RCC_GetSysClockFreq.hsiValue)
    STACK                                    0x200001c8   Section     1024  startup_air001_dev.o(STACK)

    Global Symbols

    Symbol Name                              Value     Ov Type        Size  Object(Section)

    BuildAttributes$$THM_ISAv3M$S$PE$A:L22$X:L11$S22$IEEE1$IW$~IW$USESV6$~STKCKD$USESV7$~SHL$OSPACE$EBA8$MICROLIB$REQ8$PRES8$EABIv2 0x00000000   Number         0  anon$$obj.o ABSOLUTE
    __cpp_initialize__aeabi_                  - Undefined Weak Reference
    __cxa_finalize                            - Undefined Weak Reference
    __decompress                              - Undefined Weak Reference
    _clock_init                               - Undefined Weak Reference
    _microlib_exit                            - Undefined Weak Reference
    __Vectors_Size                           0x000000c0   Number         0  startup_air001_dev.o ABSOLUTE
    __Vectors                                0x08000000   Data           4  startup_air001_dev.o(RESET)
    __Vectors_End                            0x080000c0   Data           0  startup_air001_dev.o(RESET)
    __main                                   0x080000c1   Thumb Code     0  entry.o(.ARM.Collect$$$$00000000)
    _main_stk                                0x080000c1   Thumb Code     0  entry2.o(.ARM.Collect$$$$00000001)
    _main_scatterload                        0x080000c5   Thumb Code     0  entry5.o(.ARM.Collect$$$$00000004)
    __main_after_scatterload                 0x080000c9   Thumb Code     0  entry5.o(.ARM.Collect$$$$00000004)
    _main_clock                              0x080000c9   Thumb Code     0  entry7b.o(.ARM.Collect$$$$00000008)
    _main_cpp_init                           0x080000c9   Thumb Code     0  entry8b.o(.ARM.Collect$$$$0000000A)
    _main_init                               0x080000c9   Thumb Code     0  entry9a.o(.ARM.Collect$$$$0000000B)
    __rt_final_cpp                           0x080000d1   Thumb Code     0  entry10a.o(.ARM.Collect$$$$0000000D)
    __rt_final_exit                          0x080000d1   Thumb Code     0  entry11a.o(.ARM.Collect$$$$0000000F)
    Reset_Handler                            0x080000d5   Thumb Code     8  startup_air001_dev.o(.text)
    ADC_COMP_IRQHandler                      0x080000e7   Thumb Code     0  startup_air001_dev.o(.text)
    EXTI0_1_IRQHandler                       0x080000e7   Thumb Code     0  startup_air001_dev.o(.text)
    EXTI2_3_IRQHandler                       0x080000e7   Thumb Code     0  startup_air001_dev.o(.text)
    EXTI4_15_IRQHandler                      0x080000e7   Thumb Code     0  startup_air001_dev.o(.text)
    FLASH_IRQHandler                         0x080000e7   Thumb Code     0  startup_air001_dev.o(.text)
    I2C1_IRQHandler                          0x080000e7   Thumb Code     0  startup_air001_dev.o(.text)
    LED_IRQHandler                           0x080000e7   Thumb Code     0  startup_air001_dev.o(.text)
    LPTIM1_IRQHandler                        0x080000e7   Thumb Code     0  startup_air001_dev.o(.text)
    PVD_IRQHandler                           0x080000e7   Thumb Code     0  startup_air001_dev.o(.text)
    RCC_IRQHandler                           0x080000e7   Thumb Code     0  startup_air001_dev.o(.text)
    RTC_IRQHandler                           0x080000e7   Thumb Code     0  startup_air001_dev.o(.text)
    SPI1_IRQHandler                          0x080000e7   Thumb Code     0  startup_air001_dev.o(.text)
    SPI2_IRQHandler                          0x080000e7   Thumb Code     0  startup_air001_dev.o(.text)
    TIM14_IRQHandler                         0x080000e7   Thumb Code     0  startup_air001_dev.o(.text)
    TIM16_IRQHandler                         0x080000e7   Thumb Code     0  startup_air001_dev.o(.text)
    TIM17_IRQHandler                         0x080000e7   Thumb Code     0  startup_air001_dev.o(.text)
    TIM1_BRK_UP_TRG_COM_IRQHandler           0x080000e7   Thumb Code     0  startup_air001_dev.o(.text)
    TIM1_CC_IRQHandler                       0x080000e7   Thumb Code     0  startup_air001_dev.o(.text)
    TIM3_IRQHandler                          0x080000e7   Thumb Code     0  startup_air001_dev.o(.text)
    WWDG_IRQHandler                          0x080000e7   Thumb Code     0  startup_air001_dev.o(.text)
    __aeabi_memset                           0x080000f1   Thumb Code    14  memseta.o(.text)
    __aeabi_memset4                          0x080000f1   Thumb Code     0  memseta.o(.text)
    __aeabi_memset8                          0x080000f1   Thumb Code     0  memseta.o(.text)
    __aeabi_memclr                           0x080000ff   Thumb Code     4  memseta.o(.text)
    __aeabi_memclr4                          0x080000ff   Thumb Code     0  memseta.o(.text)
    __aeabi_memclr8                          0x080000ff   Thumb Code     0  memseta.o(.text)
    _memset$wrapper                          0x08000103   Thumb Code    18  memseta.o(.text)
    __aeabi_uidiv                            0x08000115   Thumb Code     0  uidiv_div0.o(.text)
    __aeabi_uidivmod                         0x08000115   Thumb Code    62  uidiv_div0.o(.text)
    __scatterload                            0x08000155   Thumb Code    28  init.o(.text)
    __scatterload_rt2                        0x08000155   Thumb Code     0  init.o(.text)
    main                                     0x08000179   Thumb Code    72  system_air001xx.o(.text.$Sub$$main)
    DMA1_Channel1_IRQHandler                 0x08000249   Thumb Code    12  air001xx_it.o(.text.DMA1_Channel1_IRQHandler)
    DMA1_Channel2_3_IRQHandler               0x08000255   Thumb Code    12  air001xx_it.o(.text.DMA1_Channel2_3_IRQHandler)
    Error_Handler                            0x080002b5   Thumb Code     4  main.o(.text.Error_Handler)
    HAL_DMA_Abort_IT                         0x080002b9   Thumb Code   164  air001xx_hal_dma.o(.text.HAL_DMA_Abort_IT)
    HAL_DMA_IRQHandler                       0x0800035d   Thumb Code   408  air001xx_hal_dma.o(.text.HAL_DMA_IRQHandler)
    HAL_DMA_Init                             0x08000501   Thumb Code   152  air001xx_hal_dma.o(.text.HAL_DMA_Init)
    HAL_DMA_Start_IT                         0x080005a5   Thumb Code   202  air001xx_hal_dma.o(.text.HAL_DMA_Start_IT)
    HAL_GPIO_Init                            0x08000671   Thumb Code   644  air001xx_hal_gpio.o(.text.HAL_GPIO_Init)
    HAL_GetTick                              0x0800090d   Thumb Code     8  air001xx_hal.o(.text.HAL_GetTick)
    HAL_IncTick                              0x08000915   Thumb Code    16  air001xx_hal.o(.text.HAL_IncTick)
    HAL_Init                                 0x08000929   Thumb Code    44  air001xx_hal.o(.text.HAL_Init)
    HAL_InitTick                             0x08000955   Thumb Code   120  air001xx_hal.o(.text.HAL_InitTick)
    HAL_MspInit                              0x080009d1   Thumb Code    52  air001xx_hal_msp.o(.text.HAL_MspInit)
    HAL_NVIC_EnableIRQ                       0x08000a0d   Thumb Code    22  air001xx_hal_cortex.o(.text.HAL_NVIC_EnableIRQ)
    HAL_NVIC_SetPriority                     0x08000a23   Thumb Code    28  air001xx_hal_cortex.o(.text.HAL_NVIC_SetPriority)
    HAL_RCC_ClockConfig                      0x08000a41   Thumb Code   572  air001xx_hal_rcc.o(.text.HAL_RCC_ClockConfig)
    HAL_RCC_GetHCLKFreq                      0x08000c95   Thumb Code     8  air001xx_hal_rcc.o(.text.HAL_RCC_GetHCLKFreq)
    HAL_RCC_GetPCLK1Freq                     0x08000ca1   Thumb Code    32  air001xx_hal_rcc.o(.text.HAL_RCC_GetPCLK1Freq)
    HAL_RCC_GetSysClockFreq                  0x08000cc5   Thumb Code   272  air001xx_hal_rcc.o(.text.HAL_RCC_GetSysClockFreq)
    HAL_RCC_MCOConfig                        0x08000df1   Thumb Code   396  air001xx_hal_rcc.o(.text.HAL_RCC_MCOConfig)
    HAL_RCC_OscConfig                        0x08000f89   Thumb Code  1772  air001xx_hal_rcc.o(.text.HAL_RCC_OscConfig)
    HAL_SYSCFG_DMA_Req                       0x0800169d   Thumb Code    20  air001xx_hal.o(.text.HAL_SYSCFG_DMA_Req)
    HAL_SYSTICK_Config                       0x080016b5   Thumb Code    16  air001xx_hal_cortex.o(.text.HAL_SYSTICK_Config)
    HAL_UART_ErrorCallback                   0x080016c5   Thumb Code     8  air001xx_hal_uart.o(.text.HAL_UART_ErrorCallback)
    HAL_UART_GetState                        0x080016cd   Thumb Code    40  air001xx_hal_uart.o(.text.HAL_UART_GetState)
    HAL_UART_IRQHandler                      0x080016f5   Thumb Code   524  air001xx_hal_uart.o(.text.HAL_UART_IRQHandler)
    HAL_UART_Init                            0x08001905   Thumb Code   182  air001xx_hal_uart.o(.text.HAL_UART_Init)
    HAL_UART_MspInit                         0x080019bd   Thumb Code   304  air001xx_hal_msp.o(.text.HAL_UART_MspInit)
    HAL_UART_RxCpltCallback                  0x08001b15   Thumb Code     8  air001xx_hal_uart.o(.text.HAL_UART_RxCpltCallback)
    HAL_UART_Transmit_DMA                    0x08001b1d   Thumb Code   228  air001xx_hal_uart.o(.text.HAL_UART_Transmit_DMA)
    HAL_UART_TxCpltCallback                  0x08001c0d   Thumb Code     8  air001xx_hal_uart.o(.text.HAL_UART_TxCpltCallback)
    HAL_UART_TxHalfCpltCallback              0x08001c15   Thumb Code     8  air001xx_hal_uart.o(.text.HAL_UART_TxHalfCpltCallback)
    HardFault_Handler                        0x08001c1d   Thumb Code     4  air001xx_it.o(.text.HardFault_Handler)
    NMI_Handler                              0x08001c21   Thumb Code     2  air001xx_it.o(.text.NMI_Handler)
    PendSV_Handler                           0x08001cc9   Thumb Code     2  air001xx_it.o(.text.PendSV_Handler)
    SVC_Handler                              0x08001ced   Thumb Code     2  air001xx_it.o(.text.SVC_Handler)
    SysTick_Handler                          0x08001d41   Thumb Code     8  air001xx_it.o(.text.SysTick_Handler)
    SystemInit                               0x08001d49   Thumb Code    32  system_air001xx.o(.text.SystemInit)
    USART1_IRQHandler                        0x080021c5   Thumb Code    12  air001xx_it.o(.text.USART1_IRQHandler)
    USART2_IRQHandler                        0x080021d1   Thumb Code    12  air001xx_it.o(.text.USART2_IRQHandler)
    bitFill_32Bytes                          0x080021dd   Thumb Code    90  main.o(.text.bitFill_32Bytes)
    $Super$$main                             0x08002239   Thumb Code   148  main.o(.text.main)
    __scatterload_copy                       0x080022dd   Thumb Code    14  handlers.o(i.__scatterload_copy)
    __scatterload_null                       0x080022eb   Thumb Code     2  handlers.o(i.__scatterload_null)
    __scatterload_zeroinit                   0x080022ed   Thumb Code    14  handlers.o(i.__scatterload_zeroinit)
    AHBPrescTable                            0x08002310   Data          64  system_air001xx.o(.rodata.AHBPrescTable)
    APBPrescTable                            0x08002350   Data          32  system_air001xx.o(.rodata.APBPrescTable)
    HSIFreqTable                             0x08002370   Data          32  system_air001xx.o(.rodata.HSIFreqTable)
    Region$$Table$$Base                      0x08002390   Number         0  anon$$obj.o(Region$$Table)
    Region$$Table$$Limit                     0x080023b0   Number         0  anon$$obj.o(Region$$Table)
    VECT_SRAM_TAB                            0x20000000   Data         192  system_air001xx.o(.ARM.__at_0x20000000)
    SystemCoreClock                          0x200000c0   Data           4  system_air001xx.o(.data.SystemCoreClock)
    uwTickFreq                               0x200000c4   Data           4  air001xx_hal.o(.data.uwTickFreq)
    uwTickPrio                               0x200000c8   Data           4  air001xx_hal.o(.data.uwTickPrio)
    UartHandle                               0x200000d0   Data          76  main.o(.bss.UartHandle)
    aTxBuffer                                0x2000011c   Data          32  main.o(.bss.aTxBuffer)
    hdma_usart2_rx                           0x2000013c   Data          68  air001xx_hal_msp.o(.bss.hdma_usart2_rx)
    hdma_usart2_tx                           0x20000180   Data          68  air001xx_hal_msp.o(.bss.hdma_usart2_tx)
    uwTick                                   0x200001c4   Data           4  air001xx_hal.o(.bss.uwTick)
    __initial_sp                             0x200005c8   Data           0  startup_air001_dev.o(STACK)



==============================================================================

Memory Map of the image

  Image Entry point : 0x080000c1

  Load Region LR_IROM1 (Base: 0x08000000, Size: 0x00002480, Max: 0x00008000, ABSOLUTE)

    Execution Region ER_IROM1 (Exec base: 0x08000000, Load base: 0x08000000, Size: 0x000023b0, Max: 0x00008000, ABSOLUTE)

    Exec Addr    Load Addr    Size         Type   Attr      Idx    E Section Name        Object

    0x08000000   0x08000000   0x000000c0   Data   RO            3    RESET               startup_air001_dev.o
    0x080000c0   0x080000c0   0x00000000   Code   RO          556  * .ARM.Collect$$$$00000000  mc_p.l(entry.o)
    0x080000c0   0x080000c0   0x00000004   Code   RO          565    .ARM.Collect$$$$00000001  mc_p.l(entry2.o)
    0x080000c4   0x080000c4   0x00000004   Code   RO          568    .ARM.Collect$$$$00000004  mc_p.l(entry5.o)
    0x080000c8   0x080000c8   0x00000000   Code   RO          570    .ARM.Collect$$$$00000008  mc_p.l(entry7b.o)
    0x080000c8   0x080000c8   0x00000000   Code   RO          572    .ARM.Collect$$$$0000000A  mc_p.l(entry8b.o)
    0x080000c8   0x080000c8   0x00000008   Code   RO          573    .ARM.Collect$$$$0000000B  mc_p.l(entry9a.o)
    0x080000d0   0x080000d0   0x00000000   Code   RO          575    .ARM.Collect$$$$0000000D  mc_p.l(entry10a.o)
    0x080000d0   0x080000d0   0x00000000   Code   RO          577    .ARM.Collect$$$$0000000F  mc_p.l(entry11a.o)
    0x080000d0   0x080000d0   0x00000004   Code   RO          566    .ARM.Collect$$$$00002712  mc_p.l(entry2.o)
    0x080000d4   0x080000d4   0x0000001c   Code   RO            4    .text               startup_air001_dev.o
    0x080000f0   0x080000f0   0x00000024   Code   RO          563    .text               mc_p.l(memseta.o)
    0x08000114   0x08000114   0x0000003e   Code   RO          581    .text               mc_p.l(uidiv_div0.o)
    0x08000152   0x08000152   0x00000002   PAD
    0x08000154   0x08000154   0x00000024   Code   RO          587    .text               mc_p.l(init.o)
    0x08000178   0x08000178   0x00000050   Code   RO           15    .text.$Sub$$main    system_air001xx.o
    0x080001c8   0x080001c8   0x00000080   Code   RO           33    .text.APP_SystemClockConfig  main.o
    0x08000248   0x08000248   0x0000000c   Code   RO           70    .text.DMA1_Channel1_IRQHandler  air001xx_it.o
    0x08000254   0x08000254   0x00000010   Code   RO           72    .text.DMA1_Channel2_3_IRQHandler  air001xx_it.o
    0x08000264   0x08000264   0x00000050   Code   RO          323    .text.DMA_SetConfig  air001xx_hal_dma.o
    0x080002b4   0x080002b4   0x00000004   Code   RO           35    .text.Error_Handler  main.o
    0x080002b8   0x080002b8   0x000000a4   Code   RO          329    .text.HAL_DMA_Abort_IT  air001xx_hal_dma.o
    0x0800035c   0x0800035c   0x000001a4   Code   RO          333    .text.HAL_DMA_IRQHandler  air001xx_hal_dma.o
    0x08000500   0x08000500   0x000000a4   Code   RO          317    .text.HAL_DMA_Init  air001xx_hal_dma.o
    0x080005a4   0x080005a4   0x000000ca   Code   RO          325    .text.HAL_DMA_Start_IT  air001xx_hal_dma.o
    0x0800066e   0x0800066e   0x00000002   PAD
    0x08000670   0x08000670   0x0000029c   Code   RO          294    .text.HAL_GPIO_Init  air001xx_hal_gpio.o
    0x0800090c   0x0800090c   0x00000008   Code   RO          134    .text.HAL_GetTick   air001xx_hal.o
    0x08000914   0x08000914   0x00000014   Code   RO          132    .text.HAL_IncTick   air001xx_hal.o
    0x08000928   0x08000928   0x0000002c   Code   RO          122    .text.HAL_Init      air001xx_hal.o
    0x08000954   0x08000954   0x0000007c   Code   RO          124    .text.HAL_InitTick  air001xx_hal.o
    0x080009d0   0x080009d0   0x0000003c   Code   RO           47    .text.HAL_MspInit   air001xx_hal_msp.o
    0x08000a0c   0x08000a0c   0x00000016   Code   RO          512    .text.HAL_NVIC_EnableIRQ  air001xx_hal_cortex.o
    0x08000a22   0x08000a22   0x0000001c   Code   RO          508    .text.HAL_NVIC_SetPriority  air001xx_hal_cortex.o
    0x08000a3e   0x08000a3e   0x00000002   PAD
    0x08000a40   0x08000a40   0x00000254   Code   RO          184    .text.HAL_RCC_ClockConfig  air001xx_hal_rcc.o
    0x08000c94   0x08000c94   0x0000000c   Code   RO          188    .text.HAL_RCC_GetHCLKFreq  air001xx_hal_rcc.o
    0x08000ca0   0x08000ca0   0x00000024   Code   RO          190    .text.HAL_RCC_GetPCLK1Freq  air001xx_hal_rcc.o
    0x08000cc4   0x08000cc4   0x0000012c   Code   RO          180    .text.HAL_RCC_GetSysClockFreq  air001xx_hal_rcc.o
    0x08000df0   0x08000df0   0x00000198   Code   RO          186    .text.HAL_RCC_MCOConfig  air001xx_hal_rcc.o
    0x08000f88   0x08000f88   0x00000714   Code   RO          178    .text.HAL_RCC_OscConfig  air001xx_hal_rcc.o
    0x0800169c   0x0800169c   0x00000018   Code   RO          164    .text.HAL_SYSCFG_DMA_Req  air001xx_hal.o
    0x080016b4   0x080016b4   0x00000010   Code   RO          524    .text.HAL_SYSTICK_Config  air001xx_hal_cortex.o
    0x080016c4   0x080016c4   0x00000008   Code   RO          473    .text.HAL_UART_ErrorCallback  air001xx_hal_uart.o
    0x080016cc   0x080016cc   0x00000028   Code   RO          497    .text.HAL_UART_GetState  air001xx_hal_uart.o
    0x080016f4   0x080016f4   0x00000210   Code   RO          467    .text.HAL_UART_IRQHandler  air001xx_hal_uart.o
    0x08001904   0x08001904   0x000000b6   Code   RO          391    .text.HAL_UART_Init  air001xx_hal_uart.o
    0x080019ba   0x080019ba   0x00000002   PAD
    0x080019bc   0x080019bc   0x00000158   Code   RO           49    .text.HAL_UART_MspInit  air001xx_hal_msp.o
    0x08001b14   0x08001b14   0x00000008   Code   RO          483    .text.HAL_UART_RxCpltCallback  air001xx_hal_uart.o
    0x08001b1c   0x08001b1c   0x000000f0   Code   RO          417    .text.HAL_UART_Transmit_DMA  air001xx_hal_uart.o
    0x08001c0c   0x08001c0c   0x00000008   Code   RO          479    .text.HAL_UART_TxCpltCallback  air001xx_hal_uart.o
    0x08001c14   0x08001c14   0x00000008   Code   RO          481    .text.HAL_UART_TxHalfCpltCallback  air001xx_hal_uart.o
    0x08001c1c   0x08001c1c   0x00000004   Code   RO           62    .text.HardFault_Handler  air001xx_it.o
    0x08001c20   0x08001c20   0x00000002   Code   RO           60    .text.NMI_Handler   air001xx_it.o
    0x08001c22   0x08001c22   0x00000002   PAD
    0x08001c24   0x08001c24   0x00000020   Code   RO          514    .text.NVIC_EnableIRQ  air001xx_hal_cortex.o
    0x08001c44   0x08001c44   0x00000084   Code   RO          510    .text.NVIC_SetPriority  air001xx_hal_cortex.o
    0x08001cc8   0x08001cc8   0x00000002   Code   RO           66    .text.PendSV_Handler  air001xx_it.o
    0x08001cca   0x08001cca   0x00000002   PAD
    0x08001ccc   0x08001ccc   0x00000020   Code   RO          182    .text.RCC_GetHSIFreq  air001xx_hal_rcc.o
    0x08001cec   0x08001cec   0x00000002   Code   RO           64    .text.SVC_Handler   air001xx_it.o
    0x08001cee   0x08001cee   0x00000002   PAD
    0x08001cf0   0x08001cf0   0x00000050   Code   RO          526    .text.SysTick_Config  air001xx_hal_cortex.o
    0x08001d40   0x08001d40   0x00000008   Code   RO           68    .text.SysTick_Handler  air001xx_it.o
    0x08001d48   0x08001d48   0x00000030   Code   RO           13    .text.SystemInit    system_air001xx.o
    0x08001d78   0x08001d78   0x00000050   Code   RO          397    .text.UART_AdvFeatureConfig  air001xx_hal_uart.o
    0x08001dc8   0x08001dc8   0x00000020   Code   RO          471    .text.UART_DMAAbortOnError  air001xx_hal_uart.o
    0x08001de8   0x08001de8   0x00000082   Code   RO          423    .text.UART_DMAError  air001xx_hal_uart.o
    0x08001e6a   0x08001e6a   0x00000046   Code   RO          419    .text.UART_DMATransmitCplt  air001xx_hal_uart.o
    0x08001eb0   0x08001eb0   0x00000016   Code   RO          421    .text.UART_DMATxHalfCplt  air001xx_hal_uart.o
    0x08001ec6   0x08001ec6   0x0000002a   Code   RO          439    .text.UART_EndRxTransfer  air001xx_hal_uart.o
    0x08001ef0   0x08001ef0   0x00000026   Code   RO          477    .text.UART_EndTransmit_IT  air001xx_hal_uart.o
    0x08001f16   0x08001f16   0x0000001c   Code   RO          437    .text.UART_EndTxTransfer  air001xx_hal_uart.o
    0x08001f32   0x08001f32   0x00000002   PAD
    0x08001f34   0x08001f34   0x000000bc   Code   RO          469    .text.UART_Receive_IT  air001xx_hal_uart.o
    0x08001ff0   0x08001ff0   0x0000012c   Code   RO          395    .text.UART_SetConfig  air001xx_hal_uart.o
    0x0800211c   0x0800211c   0x000000a8   Code   RO          475    .text.UART_Transmit_IT  air001xx_hal_uart.o
    0x080021c4   0x080021c4   0x0000000c   Code   RO           74    .text.USART1_IRQHandler  air001xx_it.o
    0x080021d0   0x080021d0   0x0000000c   Code   RO           76    .text.USART2_IRQHandler  air001xx_it.o
    0x080021dc   0x080021dc   0x0000005a   Code   RO           29    .text.bitFill_32Bytes  main.o
    0x08002236   0x08002236   0x00000002   PAD
    0x08002238   0x08002238   0x000000a4   Code   RO           31    .text.main          main.o
    0x080022dc   0x080022dc   0x0000000e   Code   RO          591    i.__scatterload_copy  mc_p.l(handlers.o)
    0x080022ea   0x080022ea   0x00000002   Code   RO          592    i.__scatterload_null  mc_p.l(handlers.o)
    0x080022ec   0x080022ec   0x0000000e   Code   RO          593    i.__scatterload_zeroinit  mc_p.l(handlers.o)
    0x080022fa   0x080022fa   0x00000002   PAD
    0x080022fc   0x080022fc   0x00000014   Data   RO          208    .rodata..L__const.HAL_RCC_GetSysClockFreq.hsiValue  air001xx_hal_rcc.o
    0x08002310   0x08002310   0x00000040   Data   RO           18    .rodata.AHBPrescTable  system_air001xx.o
    0x08002350   0x08002350   0x00000020   Data   RO           19    .rodata.APBPrescTable  system_air001xx.o
    0x08002370   0x08002370   0x00000020   Data   RO           20    .rodata.HSIFreqTable  system_air001xx.o
    0x08002390   0x08002390   0x00000020   Data   RO          590    Region$$Table       anon$$obj.o


    Execution Region RW_IRAM1 (Exec base: 0x20000000, Load base: 0x080023b0, Size: 0x000005c8, Max: 0x00001000, ABSOLUTE)

    Exec Addr    Load Addr    Size         Type   Attr      Idx    E Section Name        Object

    0x20000000   0x080023b0   0x000000c0   Data   RW           21    .ARM.__at_0x20000000  system_air001xx.o
    0x200000c0   0x08002470   0x00000004   Data   RW           17    .data.SystemCoreClock  system_air001xx.o
    0x200000c4   0x08002474   0x00000004   Data   RW          167    .data.uwTickFreq    air001xx_hal.o
    0x200000c8   0x08002478   0x00000004   Data   RW          166    .data.uwTickPrio    air001xx_hal.o
    0x200000cc   0x0800247c   0x00000004   PAD
    0x200000d0        -       0x0000004c   Zero   RW           37    .bss.UartHandle     main.o
    0x2000011c        -       0x00000020   Zero   RW           38    .bss.aTxBuffer      main.o
    0x2000013c        -       0x00000044   Zero   RW           52    .bss.hdma_usart2_rx  air001xx_hal_msp.o
    0x20000180        -       0x00000044   Zero   RW           51    .bss.hdma_usart2_tx  air001xx_hal_msp.o
    0x200001c4        -       0x00000004   Zero   RW          168    .bss.uwTick         air001xx_hal.o
    0x200001c8        -       0x00000400   Zero   RW            1    STACK               startup_air001_dev.o


==============================================================================

Image component sizes


      Code (inc. data)   RO Data    RW Data    ZI Data      Debug   Object Name

       220         12          0          8          4       5149   air001xx_hal.o
       310         24          0          0          0       5007   air001xx_hal_cortex.o
      1030         24          0          0          0       7129   air001xx_hal_dma.o
       668         24          0          0          0       4228   air001xx_hal_gpio.o
       404         48          0          0        136       5168   air001xx_hal_msp.o
      3196        180         20          0          0       9128   air001xx_hal_rcc.o
      2120         24          0          0          0      15780   air001xx_hal_uart.o
        70          4          0          0          0       1128   air001xx_it.o
       386         24          0          0        108       4501   main.o
        28          8        192          0       1024        652   startup_air001_dev.o
       128         24        128        196          0       2375   system_air001xx.o

    ----------------------------------------------------------------------
      8576        396        372        204       1276      60245   Object Totals
         0          0         32          0          0          0   (incl. Generated)
        16          0          0          0          4          0   (incl. Padding)

    ----------------------------------------------------------------------

      Code (inc. data)   RO Data    RW Data    ZI Data      Debug   Library Member Name

         0          0          0          0          0          0   entry.o
         0          0          0          0          0          0   entry10a.o
         0          0          0          0          0          0   entry11a.o
         8          4          0          0          0          0   entry2.o
         4          0          0          0          0          0   entry5.o
         0          0          0          0          0          0   entry7b.o
         0          0          0          0          0          0   entry8b.o
         8          4          0          0          0          0   entry9a.o
        30          0          0          0          0          0   handlers.o
        36          8          0          0          0         68   init.o
        36          0          0          0          0        100   memseta.o
        62          0          0          0          0         72   uidiv_div0.o

    ----------------------------------------------------------------------
       188         16          0          0          0        240   Library Totals
         4          0          0          0          0          0   (incl. Padding)

    ----------------------------------------------------------------------

      Code (inc. data)   RO Data    RW Data    ZI Data      Debug   Library Name

       184         16          0          0          0        240   mc_p.l

    ----------------------------------------------------------------------
       188         16          0          0          0        240   Library Totals

    ----------------------------------------------------------------------

==============================================================================


      Code (inc. data)   RO Data    RW Data    ZI Data      Debug   

      8764        412        372        204       1276      60457   Grand Totals
      8764        412        372        204       1276      60457   ELF Image Totals
      8764        412        372        204          0          0   ROM Totals

==============================================================================

    Total RO  Size (Code + RO Data)                 9136 (   8.92kB)
    Total RW  Size (RW Data + ZI Data)              1480 (   1.45kB)
    Total ROM Size (Code + RO Data + RW Data)       9340 (   9.12kB)

==============================================================================

